ARM Linker, 5.03 [Build 69] [MDK-ARM Standard]

==============================================================================

Section Cross References

    _math.o(.text) refers to drleqf.o(x$fpl$drleqf) for __aeabi_cdrcmple
    _math.o(.text) refers to faddsub_clz.o(x$fpl$fsub) for __aeabi_fsub
    _math.o(.text) refers to fmul.o(x$fpl$fmul) for __aeabi_fmul
    _math.o(.text) refers to f2d.o(x$fpl$f2d) for __aeabi_f2d
    _math.o(.text) refers to daddsub_clz.o(x$fpl$dadd) for __aeabi_dadd
    _math.o(.text) refers to sqrt.o(i.sqrt) for sqrt
    _math.o(.text) refers to frleqf.o(x$fpl$frleqf) for __aeabi_cfrcmple
    _math.o(.text) refers to dleqf.o(x$fpl$dleqf) for __aeabi_cdcmple
    _math.o(.text) refers to fdiv.o(x$fpl$fdiv) for __aeabi_fdiv
    _math.o(.text) refers to atan.o(i.atan) for atan
    _math.o(.text) refers to fleqf.o(x$fpl$fleqf) for __aeabi_cfcmple
    _math.o(.text) refers to daddsub_clz.o(x$fpl$dsub) for __aeabi_dsub
    _math.o(.text) refers to dmul.o(x$fpl$dmul) for __aeabi_dmul
    _math.o(.text) refers to ddiv.o(x$fpl$ddiv) for __aeabi_ddiv
    _math.o(.text) refers to d2f.o(x$fpl$d2f) for __aeabi_d2f
    _mecanum.o(.text) refers to rt_memcpy_w.o(.text) for __aeabi_memcpy4
    _mecanum.o(.text) refers to faddsub_clz.o(x$fpl$fadd) for __aeabi_fadd
    _mecanum.o(.text) refers to fdiv.o(x$fpl$fdiv) for __aeabi_fdiv
    _mecanum.o(.text) refers to fflt_clz.o(x$fpl$fflt) for __aeabi_i2f
    _mecanum.o(.text) refers to fmul.o(x$fpl$fmul) for __aeabi_fmul
    _mecanum.o(.text) refers to faddsub_clz.o(x$fpl$fsub) for __aeabi_fsub
    _mecanum.o(.text) refers to frleqf.o(x$fpl$frleqf) for __aeabi_cfrcmple
    _mecanum.o(.text) refers to f2d.o(x$fpl$f2d) for __aeabi_f2d
    _mecanum.o(.text) refers to _math.o(.text) for MaxFour
    _mecanum.o(.text) refers to d2f.o(x$fpl$d2f) for __aeabi_d2f
    _mecanum.o(.text) refers to dmul.o(x$fpl$dmul) for __aeabi_dmul
    _mecanum.o(.text) refers to daddsub_clz.o(x$fpl$dadd) for __aeabi_dadd
    _mecanum.o(.text) refers to _mecanum.o(.constdata) for .constdata
    _mecanum.o(.text) refers to _mecanum.o(.data) for wheel_rr
    _mecanum.o(.text) refers to _pwm.o(.text) for PWM_SetDuty
    _pid.o(.text) refers to fdiv.o(x$fpl$fdiv) for __aeabi_fdiv
    _pid.o(.text) refers to faddsub_clz.o(x$fpl$fadd) for __aeabi_fadd
    _pid.o(.text) refers to fmul.o(x$fpl$fmul) for __aeabi_fmul
    _pid.o(.text) refers to _pid.o(.data) for Pid_List
    _pid.o(.text) refers to _pid.o(.bss) for Vout
    _goline.o(.text) refers to _math.o(.text) for GetLineAngle
    _goline.o(.text) refers to d2f.o(x$fpl$d2f) for __aeabi_d2f
    _goline.o(.text) refers to fmul.o(x$fpl$fmul) for __aeabi_fmul
    _goline.o(.text) refers to faddsub_clz.o(x$fpl$fsub) for __aeabi_fsub
    _goline.o(.text) refers to fdiv.o(x$fpl$fdiv) for __aeabi_fdiv
    _goline.o(.text) refers to _pid.o(.text) for PID_Clear
    _goline.o(.text) refers to f2d.o(x$fpl$f2d) for __aeabi_f2d
    _goline.o(.text) refers to dleqf.o(x$fpl$dleqf) for __aeabi_cdcmple
    _goline.o(.text) refers to fleqf.o(x$fpl$fleqf) for __aeabi_cfcmple
    _goline.o(.text) refers to dmul.o(x$fpl$dmul) for __aeabi_dmul
    _goline.o(.text) refers to daddsub_clz.o(x$fpl$dadd) for __aeabi_dadd
    _goline.o(.text) refers to drleqf.o(x$fpl$drleqf) for __aeabi_cdrcmple
    _goline.o(.text) refers to daddsub_clz.o(x$fpl$dsub) for __aeabi_dsub
    _goline.o(.text) refers to cos.o(i.cos) for cos
    _goline.o(.text) refers to sin.o(i.sin) for sin
    _goline.o(.text) refers to faddsub_clz.o(x$fpl$fadd) for __aeabi_fadd
    _goline.o(.text) refers to _goline.o(.data) for Sta_Point
    _goline.o(.text) refers to _gopath.o(.bss) for GPS
    _goline.o(.text) refers to _pid.o(.data) for Pid_List
    _goline.o(.text) refers to sqrt.o(i.sqrt) for sqrt
    _goline.o(.text) refers to frleqf.o(x$fpl$frleqf) for __aeabi_cfrcmple
    _goline.o(.text) refers to _mecanum.o(.data) for Speed_X
    _gopath.o(.text) refers to _pid.o(.text) for PID_Clear
    _gopath.o(.text) refers to _math.o(.text) for GetLength
    _gopath.o(.text) refers to dleqf.o(x$fpl$dleqf) for __aeabi_cdcmple
    _gopath.o(.text) refers to fmul.o(x$fpl$fmul) for __aeabi_fmul
    _gopath.o(.text) refers to f2d.o(x$fpl$f2d) for __aeabi_f2d
    _gopath.o(.text) refers to cos.o(i.cos) for cos
    _gopath.o(.text) refers to dmul.o(x$fpl$dmul) for __aeabi_dmul
    _gopath.o(.text) refers to d2f.o(x$fpl$d2f) for __aeabi_d2f
    _gopath.o(.text) refers to sin.o(i.sin) for sin
    _gopath.o(.text) refers to faddsub_clz.o(x$fpl$fsub) for __aeabi_fsub
    _gopath.o(.text) refers to daddsub_clz.o(x$fpl$dsub) for __aeabi_dsub
    _gopath.o(.text) refers to drleqf.o(x$fpl$drleqf) for __aeabi_cdrcmple
    _gopath.o(.text) refers to daddsub_clz.o(x$fpl$dadd) for __aeabi_dadd
    _gopath.o(.text) refers to faddsub_clz.o(x$fpl$fadd) for __aeabi_fadd
    _gopath.o(.text) refers to _gopath.o(.data) for Point_StartNum
    _gopath.o(.text) refers to _goroute.o(.data) for RouteFinish
[...]
    TIM_PWMIConfig                           0x0800afa9   Thumb Code   124  stm32f10x_tim.o(.text)
    TIM_BDTRConfig                           0x0800b025   Thumb Code    32  stm32f10x_tim.o(.text)
    TIM_TimeBaseStructInit                   0x0800b045   Thumb Code    18  stm32f10x_tim.o(.text)
    TIM_OCStructInit                         0x0800b057   Thumb Code    20  stm32f10x_tim.o(.text)
    TIM_ICStructInit                         0x0800b06b   Thumb Code    18  stm32f10x_tim.o(.text)
    TIM_BDTRStructInit                       0x0800b07d   Thumb Code    40  stm32f10x_tim.o(.text)
    TIM_Cmd                                  0x0800b0a5   Thumb Code    24  stm32f10x_tim.o(.text)
    TIM_CtrlPWMOutputs                       0x0800b0bd   Thumb Code    30  stm32f10x_tim.o(.text)
    TIM_ITConfig                             0x0800b0db   Thumb Code    18  stm32f10x_tim.o(.text)
    TIM_GenerateEvent                        0x0800b0ed   Thumb Code     4  stm32f10x_tim.o(.text)
    TIM_DMAConfig                            0x0800b0f1   Thumb Code    10  stm32f10x_tim.o(.text)
    TIM_DMACmd                               0x0800b0fb   Thumb Code    18  stm32f10x_tim.o(.text)
    TIM_InternalClockConfig                  0x0800b10d   Thumb Code    12  stm32f10x_tim.o(.text)
    TIM_SelectInputTrigger                   0x0800b119   Thumb Code    18  stm32f10x_tim.o(.text)
    TIM_ITRxExternalClockConfig              0x0800b12b   Thumb Code    24  stm32f10x_tim.o(.text)
    TIM_TIxExternalClockConfig               0x0800b143   Thumb Code    62  stm32f10x_tim.o(.text)
    TIM_ETRConfig                            0x0800b181   Thumb Code    28  stm32f10x_tim.o(.text)
    TIM_ETRClockMode1Config                  0x0800b19d   Thumb Code    54  stm32f10x_tim.o(.text)
    TIM_ETRClockMode2Config                  0x0800b1d3   Thumb Code    32  stm32f10x_tim.o(.text)
    TIM_PrescalerConfig                      0x0800b1f3   Thumb Code     6  stm32f10x_tim.o(.text)
    TIM_CounterModeConfig                    0x0800b1f9   Thumb Code    18  stm32f10x_tim.o(.text)
    TIM_EncoderInterfaceConfig               0x0800b20b   Thumb Code    66  stm32f10x_tim.o(.text)
    TIM_ForcedOC1Config                      0x0800b24d   Thumb Code    18  stm32f10x_tim.o(.text)
    TIM_ForcedOC2Config                      0x0800b25f   Thumb Code    26  stm32f10x_tim.o(.text)
    TIM_ForcedOC3Config                      0x0800b279   Thumb Code    18  stm32f10x_tim.o(.text)
    TIM_ForcedOC4Config                      0x0800b28b   Thumb Code    26  stm32f10x_tim.o(.text)
    TIM_ARRPreloadConfig                     0x0800b2a5   Thumb Code    24  stm32f10x_tim.o(.text)
    TIM_SelectCOM                            0x0800b2bd   Thumb Code    24  stm32f10x_tim.o(.text)
    TIM_SelectCCDMA                          0x0800b2d5   Thumb Code    24  stm32f10x_tim.o(.text)
    TIM_CCPreloadControl                     0x0800b2ed   Thumb Code    24  stm32f10x_tim.o(.text)
    TIM_OC1PreloadConfig                     0x0800b305   Thumb Code    18  stm32f10x_tim.o(.text)
    TIM_OC2PreloadConfig                     0x0800b317   Thumb Code    26  stm32f10x_tim.o(.text)
    TIM_OC3PreloadConfig                     0x0800b331   Thumb Code    18  stm32f10x_tim.o(.text)
    TIM_OC4PreloadConfig                     0x0800b343   Thumb Code    26  stm32f10x_tim.o(.text)
    TIM_OC1FastConfig                        0x0800b35d   Thumb Code    18  stm32f10x_tim.o(.text)
    TIM_OC2FastConfig                        0x0800b36f   Thumb Code    26  stm32f10x_tim.o(.text)
    TIM_OC3FastConfig                        0x0800b389   Thumb Code    18  stm32f10x_tim.o(.text)
    TIM_OC4FastConfig                        0x0800b39b   Thumb Code    26  stm32f10x_tim.o(.text)
    TIM_ClearOC1Ref                          0x0800b3b5   Thumb Code    18  stm32f10x_tim.o(.text)
    TIM_ClearOC2Ref                          0x0800b3c7   Thumb Code    24  stm32f10x_tim.o(.text)
    TIM_ClearOC3Ref                          0x0800b3df   Thumb Code    18  stm32f10x_tim.o(.text)
    TIM_ClearOC4Ref                          0x0800b3f1   Thumb Code    24  stm32f10x_tim.o(.text)
    TIM_OC1PolarityConfig                    0x0800b409   Thumb Code    18  stm32f10x_tim.o(.text)
    TIM_OC1NPolarityConfig                   0x0800b41b   Thumb Code    18  stm32f10x_tim.o(.text)
    TIM_OC2PolarityConfig                    0x0800b42d   Thumb Code    26  stm32f10x_tim.o(.text)
    TIM_OC2NPolarityConfig                   0x0800b447   Thumb Code    26  stm32f10x_tim.o(.text)
    TIM_OC3PolarityConfig                    0x0800b461   Thumb Code    26  stm32f10x_tim.o(.text)
    TIM_OC3NPolarityConfig                   0x0800b47b   Thumb Code    26  stm32f10x_tim.o(.text)
    TIM_OC4PolarityConfig                    0x0800b495   Thumb Code    26  stm32f10x_tim.o(.text)
    TIM_CCxCmd                               0x0800b4af   Thumb Code    30  stm32f10x_tim.o(.text)
    TIM_CCxNCmd                              0x0800b4cd   Thumb Code    30  stm32f10x_tim.o(.text)
    TIM_SelectOCxM                           0x0800b4eb   Thumb Code    82  stm32f10x_tim.o(.text)
    TIM_UpdateDisableConfig                  0x0800b53d   Thumb Code    24  stm32f10x_tim.o(.text)
    TIM_UpdateRequestConfig                  0x0800b555   Thumb Code    24  stm32f10x_tim.o(.text)
    TIM_SelectHallSensor                     0x0800b56d   Thumb Code    24  stm32f10x_tim.o(.text)
    TIM_SelectOnePulseMode                   0x0800b585   Thumb Code    18  stm32f10x_tim.o(.text)
    TIM_SelectOutputTrigger                  0x0800b597   Thumb Code    18  stm32f10x_tim.o(.text)
    TIM_SelectSlaveMode                      0x0800b5a9   Thumb Code    18  stm32f10x_tim.o(.text)
    TIM_SelectMasterSlaveMode                0x0800b5bb   Thumb Code    18  stm32f10x_tim.o(.text)
    TIM_SetCounter                           0x0800b5cd   Thumb Code     4  stm32f10x_tim.o(.text)
    TIM_SetAutoreload                        0x0800b5d1   Thumb Code     4  stm32f10x_tim.o(.text)
    TIM_SetCompare1                          0x0800b5d5   Thumb Code     4  stm32f10x_tim.o(.text)
    TIM_SetCompare2                          0x0800b5d9   Thumb Code     4  stm32f10x_tim.o(.text)
    TIM_SetCompare3                          0x0800b5dd   Thumb Code     4  stm32f10x_tim.o(.text)
    TIM_SetCompare4                          0x0800b5e1   Thumb Code     6  stm32f10x_tim.o(.text)
    TIM_SetClockDivision                     0x0800b5e7   Thumb Code    18  stm32f10x_tim.o(.text)
    TIM_GetCapture1                          0x0800b5f9   Thumb Code     6  stm32f10x_tim.o(.text)
    TIM_GetCapture2                          0x0800b5ff   Thumb Code     6  stm32f10x_tim.o(.text)
    TIM_GetCapture3                          0x0800b605   Thumb Code     6  stm32f10x_tim.o(.text)
    TIM_GetCapture4                          0x0800b60b   Thumb Code     8  stm32f10x_tim.o(.text)
    TIM_GetCounter                           0x0800b613   Thumb Code     6  stm32f10x_tim.o(.text)
    TIM_GetPrescaler                         0x0800b619   Thumb Code     6  stm32f10x_tim.o(.text)
    TIM_GetFlagStatus                        0x0800b61f   Thumb Code    18  stm32f10x_tim.o(.text)
    TIM_ClearFlag                            0x0800b631   Thumb Code     6  stm32f10x_tim.o(.text)
    TIM_GetITStatus                          0x0800b637   Thumb Code    34  stm32f10x_tim.o(.text)
    TIM_ClearITPendingBit                    0x0800b659   Thumb Code     6  stm32f10x_tim.o(.text)
    USART_DeInit                             0x0800b661   Thumb Code   134  stm32f10x_usart.o(.text)
    USART_Init                               0x0800b6e7   Thumb Code   210  stm32f10x_usart.o(.text)
    USART_StructInit                         0x0800b7b9   Thumb Code    24  stm32f10x_usart.o(.text)
    USART_ClockInit                          0x0800b7d1   Thumb Code    34  stm32f10x_usart.o(.text)
    USART_ClockStructInit                    0x0800b7f3   Thumb Code    12  stm32f10x_usart.o(.text)
    USART_Cmd                                0x0800b7ff   Thumb Code    24  stm32f10x_usart.o(.text)
    USART_ITConfig                           0x0800b817   Thumb Code    74  stm32f10x_usart.o(.text)
    USART_DMACmd                             0x0800b861   Thumb Code    18  stm32f10x_usart.o(.text)
    USART_SetAddress                         0x0800b873   Thumb Code    18  stm32f10x_usart.o(.text)
    USART_WakeUpConfig                       0x0800b885   Thumb Code    18  stm32f10x_usart.o(.text)
    USART_ReceiverWakeUpCmd                  0x0800b897   Thumb Code    24  stm32f10x_usart.o(.text)
    USART_LINBreakDetectLengthConfig         0x0800b8af   Thumb Code    18  stm32f10x_usart.o(.text)
    USART_LINCmd                             0x0800b8c1   Thumb Code    24  stm32f10x_usart.o(.text)
    USART_SendData                           0x0800b8d9   Thumb Code     8  stm32f10x_usart.o(.text)
    USART_ReceiveData                        0x0800b8e1   Thumb Code    10  stm32f10x_usart.o(.text)
    USART_SendBreak                          0x0800b8eb   Thumb Code    10  stm32f10x_usart.o(.text)
    USART_SetGuardTime                       0x0800b8f5   Thumb Code    16  stm32f10x_usart.o(.text)
    USART_SetPrescaler                       0x0800b905   Thumb Code    16  stm32f10x_usart.o(.text)
    USART_SmartCardCmd                       0x0800b915   Thumb Code    24  stm32f10x_usart.o(.text)
    USART_SmartCardNACKCmd                   0x0800b92d   Thumb Code    24  stm32f10x_usart.o(.text)
    USART_HalfDuplexCmd                      0x0800b945   Thumb Code    24  stm32f10x_usart.o(.text)
    USART_OverSampling8Cmd                   0x0800b95d   Thumb Code    22  stm32f10x_usart.o(.text)
    USART_OneBitMethodCmd                    0x0800b973   Thumb Code    24  stm32f10x_usart.o(.text)
    USART_IrDAConfig                         0x0800b98b   Thumb Code    18  stm32f10x_usart.o(.text)
    USART_IrDACmd                            0x0800b99d   Thumb Code    24  stm32f10x_usart.o(.text)
    USART_GetFlagStatus                      0x0800b9b5   Thumb Code    26  stm32f10x_usart.o(.text)
    USART_ClearFlag                          0x0800b9cf   Thumb Code    18  stm32f10x_usart.o(.text)
    USART_GetITStatus                        0x0800b9e1   Thumb Code    84  stm32f10x_usart.o(.text)
    USART_ClearITPendingBit                  0x0800ba35   Thumb Code    52  stm32f10x_usart.o(.text)
    Reset_Handler                            0x0800ba69   Thumb Code     8  startup_stm32f10x_hd.o(.text)
    ADC1_2_IRQHandler                        0x0800ba83   Thumb Code     0  startup_stm32f10x_hd.o(.text)
    ADC3_IRQHandler                          0x0800ba83   Thumb Code     0  startup_stm32f10x_hd.o(.text)
    CAN1_SCE_IRQHandler                      0x0800ba83   Thumb Code     0  startup_stm32f10x_hd.o(.text)
    DMA1_Channel1_IRQHandler                 0x0800ba83   Thumb Code     0  startup_stm32f10x_hd.o(.text)
    DMA1_Channel2_IRQHandler                 0x0800ba83   Thumb Code     0  startup_stm32f10x_hd.o(.text)
    DMA1_Channel3_IRQHandler                 0x0800ba83   Thumb Code     0  startup_stm32f10x_hd.o(.text)
    DMA1_Channel4_IRQHandler                 0x0800ba83   Thumb Code     0  startup_stm32f10x_hd.o(.text)
    DMA1_Channel5_IRQHandler                 0x0800ba83   Thumb Code     0  startup_stm32f10x_hd.o(.text)
    DMA1_Channel6_IRQHandler                 0x0800ba83   Thumb Code     0  startup_stm32f10x_hd.o(.text)
    DMA1_Channel7_IRQHandler                 0x0800ba83   Thumb Code     0  startup_stm32f10x_hd.o(.text)
    DMA2_Channel1_IRQHandler                 0x0800ba83   Thumb Code     0  startup_stm32f10x_hd.o(.text)
    DMA2_Channel2_IRQHandler                 0x0800ba83   Thumb Code     0  startup_stm32f10x_hd.o(.text)
    DMA2_Channel3_IRQHandler                 0x0800ba83   Thumb Code     0  startup_stm32f10x_hd.o(.text)
    DMA2_Channel4_5_IRQHandler               0x0800ba83   Thumb Code     0  startup_stm32f10x_hd.o(.text)
    FLASH_IRQHandler                         0x0800ba83   Thumb Code     0  startup_stm32f10x_hd.o(.text)
    FSMC_IRQHandler                          0x0800ba83   Thumb Code     0  startup_stm32f10x_hd.o(.text)
    I2C1_ER_IRQHandler                       0x0800ba83   Thumb Code     0  startup_stm32f10x_hd.o(.text)
    I2C1_EV_IRQHandler                       0x0800ba83   Thumb Code     0  startup_stm32f10x_hd.o(.text)
    I2C2_ER_IRQHandler                       0x0800ba83   Thumb Code     0  startup_stm32f10x_hd.o(.text)
    I2C2_EV_IRQHandler                       0x0800ba83   Thumb Code     0  startup_stm32f10x_hd.o(.text)
    PVD_IRQHandler                           0x0800ba83   Thumb Code     0  startup_stm32f10x_hd.o(.text)
    RCC_IRQHandler                           0x0800ba83   Thumb Code     0  startup_stm32f10x_hd.o(.text)
    RTCAlarm_IRQHandler                      0x0800ba83   Thumb Code     0  startup_stm32f10x_hd.o(.text)
    RTC_IRQHandler                           0x0800ba83   Thumb Code     0  startup_stm32f10x_hd.o(.text)
    SDIO_IRQHandler                          0x0800ba83   Thumb Code     0  startup_stm32f10x_hd.o(.text)
    SPI1_IRQHandler                          0x0800ba83   Thumb Code     0  startup_stm32f10x_hd.o(.text)
    SPI2_IRQHandler                          0x0800ba83   Thumb Code     0  startup_stm32f10x_hd.o(.text)
    SPI3_IRQHandler                          0x0800ba83   Thumb Code     0  startup_stm32f10x_hd.o(.text)
    TAMPER_IRQHandler                        0x0800ba83   Thumb Code     0  startup_stm32f10x_hd.o(.text)
    TIM1_BRK_IRQHandler                      0x0800ba83   Thumb Code     0  startup_stm32f10x_hd.o(.text)
    TIM1_CC_IRQHandler                       0x0800ba83   Thumb Code     0  startup_stm32f10x_hd.o(.text)
    TIM1_TRG_COM_IRQHandler                  0x0800ba83   Thumb Code     0  startup_stm32f10x_hd.o(.text)
    TIM1_UP_IRQHandler                       0x0800ba83   Thumb Code     0  startup_stm32f10x_hd.o(.text)
    TIM2_IRQHandler                          0x0800ba83   Thumb Code     0  startup_stm32f10x_hd.o(.text)
    TIM5_IRQHandler                          0x0800ba83   Thumb Code     0  startup_stm32f10x_hd.o(.text)
    TIM6_IRQHandler                          0x0800ba83   Thumb Code     0  startup_stm32f10x_hd.o(.text)
    TIM7_IRQHandler                          0x0800ba83   Thumb Code     0  startup_stm32f10x_hd.o(.text)
    TIM8_BRK_IRQHandler                      0x0800ba83   Thumb Code     0  startup_stm32f10x_hd.o(.text)
    TIM8_CC_IRQHandler                       0x0800ba83   Thumb Code     0  startup_stm32f10x_hd.o(.text)
    TIM8_TRG_COM_IRQHandler                  0x0800ba83   Thumb Code     0  startup_stm32f10x_hd.o(.text)
    UART4_IRQHandler                         0x0800ba83   Thumb Code     0  startup_stm32f10x_hd.o(.text)
    UART5_IRQHandler                         0x0800ba83   Thumb Code     0  startup_stm32f10x_hd.o(.text)
    USART2_IRQHandler                        0x0800ba83   Thumb Code     0  startup_stm32f10x_hd.o(.text)
    USBWakeUp_IRQHandler                     0x0800ba83   Thumb Code     0  startup_stm32f10x_hd.o(.text)
    USB_HP_CAN1_TX_IRQHandler                0x0800ba83   Thumb Code     0  startup_stm32f10x_hd.o(.text)
    WWDG_IRQHandler                          0x0800ba83   Thumb Code     0  startup_stm32f10x_hd.o(.text)
    __user_initial_stackheap                 0x0800ba85   Thumb Code     0  startup_stm32f10x_hd.o(.text)
    OS_TaskStatStkChk                        0x0800baa9   Thumb Code    54  os_core.o(.text)
    OS_TaskStat                              0x0800badf   Thumb Code   116  os_core.o(.text)
    OS_TaskIdle                              0x0800bb87   Thumb Code    34  os_core.o(.text)
    OS_MemClr                                0x0800bbdd   Thumb Code    18  os_core.o(.text)
    OSInit                                   0x0800bcfb   Thumb Code    44  os_core.o(.text)
    OSIntEnter                               0x0800bd27   Thumb Code    28  os_core.o(.text)
    OSIntExit                                0x0800bd5d   Thumb Code   112  os_core.o(.text)
    OSSchedLock                              0x0800bdcd   Thumb Code    50  os_core.o(.text)
    OS_Sched                                 0x0800bdff   Thumb Code    88  os_core.o(.text)
    OSSchedUnlock                            0x0800be57   Thumb Code   238  os_core.o(.text)
    OSStart                                  0x0800bf45   Thumb Code    48  os_core.o(.text)
    OSStatInit                               0x0800bf75   Thumb Code    62  os_core.o(.text)
    OSTimeTick                               0x0800bfb3   Thumb Code   218  os_core.o(.text)
    OSVersion                                0x0800c08d   Thumb Code     6  os_core.o(.text)
    OS_Dummy                                 0x0800c093   Thumb Code     2  os_core.o(.text)
    OS_EventTaskRemove                       0x0800c095   Thumb Code    42  os_core.o(.text)
    OS_EventTaskRdy                          0x0800c0bf   Thumb Code   118  os_core.o(.text)
    OS_EventTaskWait                         0x0800c135   Thumb Code   112  os_core.o(.text)
    OS_EventWaitListInit                     0x0800c1a5   Thumb Code    28  os_core.o(.text)
    OS_MemCopy                               0x0800c1c1   Thumb Code    20  os_core.o(.text)
    OS_StrLen                                0x0800c1d5   Thumb Code    20  os_core.o(.text)
    OS_TCBInit                               0x0800c1e9   Thumb Code   294  os_core.o(.text)
    OSFlagAccept                             0x0800c355   Thumb Code   252  os_flag.o(.text)
    OSFlagCreate                             0x0800c451   Thumb Code    86  os_flag.o(.text)
    OS_FlagUnlink                            0x0800c4a7   Thumb Code    36  os_flag.o(.text)
    OSFlagDel                                0x0800c52b   Thumb Code   214  os_flag.o(.text)
    OSFlagNameGet                            0x0800c601   Thumb Code    80  os_flag.o(.text)
    OSFlagNameSet                            0x0800c651   Thumb Code    66  os_flag.o(.text)
    OSFlagPend                               0x0800c72b   Thumb Code   614  os_flag.o(.text)
    OSFlagPendGetFlagsRdy                    0x0800c991   Thumb Code    26  os_flag.o(.text)
    OSFlagPost                               0x0800c9ab   Thumb Code   312  os_flag.o(.text)
    OSFlagQuery                              0x0800cae3   Thumb Code    48  os_flag.o(.text)
    OS_FlagInit                              0x0800cb13   Thumb Code    78  os_flag.o(.text)
    OSQAccept                                0x0800cb6d   Thumb Code    88  os_q.o(.text)
    OSQCreate                                0x0800cbc5   Thumb Code   140  os_q.o(.text)
    OSQDel                                   0x0800cc51   Thumb Code   236  os_q.o(.text)
    OSQFlush                                 0x0800cd3d   Thumb Code    36  os_q.o(.text)
    OSQPend                                  0x0800cd61   Thumb Code   272  os_q.o(.text)
    OSQPendAbort                             0x0800ce71   Thumb Code   128  os_q.o(.text)
    OSQPost                                  0x0800cef1   Thumb Code   114  os_q.o(.text)
    OSQPostFront                             0x0800cf63   Thumb Code   136  os_q.o(.text)
    OSQPostOpt                               0x0800cfeb   Thumb Code   182  os_q.o(.text)
    OSQQuery                                 0x0800d0a1   Thumb Code    98  os_q.o(.text)
    OS_QInit                                 0x0800d103   Thumb Code    72  os_q.o(.text)
    OSTaskChangePrio                         0x0800d155   Thumb Code   310  os_task.o(.text)
    OSTaskCreate                             0x0800d28b   Thumb Code   148  os_task.o(.text)
    OS_TaskStkClr                            0x0800d31f   Thumb Code    26  os_task.o(.text)
    OSTaskCreateExt                          0x0800d339   Thumb Code   170  os_task.o(.text)
    OSTaskDel                                0x0800d3e3   Thumb Code   294  os_task.o(.text)
    OSTaskDelReq                             0x0800d509   Thumb Code   146  os_task.o(.text)
    OSTaskNameGet                            0x0800d59b   Thumb Code   114  os_task.o(.text)
    OSTaskNameSet                            0x0800d60d   Thumb Code    98  os_task.o(.text)
    OSTaskResume                             0x0800d66f   Thumb Code   160  os_task.o(.text)
    OSTaskStkChk                             0x0800d70f   Thumb Code   132  os_task.o(.text)
    OSTaskSuspend                            0x0800d793   Thumb Code   152  os_task.o(.text)
    OSTaskQuery                              0x0800d82b   Thumb Code    82  os_task.o(.text)
    OSTaskRegGet                             0x0800d87d   Thumb Code    60  os_task.o(.text)
    OSTaskRegSet                             0x0800d8b9   Thumb Code    62  os_task.o(.text)
    OS_TaskReturn                            0x0800d8f7   Thumb Code    18  os_task.o(.text)
    OSTimeDly                                0x0800d921   Thumb Code   100  os_time.o(.text)
    OSTimeDlyHMSM                            0x0800d985   Thumb Code    86  os_time.o(.text)
    OSTimeDlyResume                          0x0800d9db   Thumb Code   176  os_time.o(.text)
    OSTimeGet                                0x0800da8b   Thumb Code    24  os_time.o(.text)
    OSTimeSet                                0x0800daa3   Thumb Code    24  os_time.o(.text)
    OSInitHookBegin                          0x0800dad9   Thumb Code     2  os_cpu_c.o(.text)
    OSInitHookEnd                            0x0800dadb   Thumb Code     2  os_cpu_c.o(.text)
    OSTaskCreateHook                         0x0800dadd   Thumb Code     2  os_cpu_c.o(.text)
    OSTaskDelHook                            0x0800dadf   Thumb Code     2  os_cpu_c.o(.text)
    OSTaskIdleHook                           0x0800dae1   Thumb Code     2  os_cpu_c.o(.text)
    OSTaskStatHook                           0x0800dae3   Thumb Code     2  os_cpu_c.o(.text)
    OSTaskStkInit                            0x0800dae5   Thumb Code   154  os_cpu_c.o(.text)
    OSTaskSwHook                             0x0800db7f   Thumb Code     2  os_cpu_c.o(.text)
    OSTCBInitHook                            0x0800db81   Thumb Code     2  os_cpu_c.o(.text)
    OSTimeTickHook                           0x0800db83   Thumb Code     2  os_cpu_c.o(.text)
    OSTaskReturnHook                         0x0800db85   Thumb Code     2  os_cpu_c.o(.text)
    OS_CPU_SR_Save                           0x0800db89   Thumb Code     0  os_cpu_a.o(.text)
    OS_CPU_SR_Restore                        0x0800db91   Thumb Code     0  os_cpu_a.o(.text)
    OSStartHighRdy                           0x0800db97   Thumb Code     0  os_cpu_a.o(.text)
    OSCtxSw                                  0x0800dbb9   Thumb Code     0  os_cpu_a.o(.text)
    OSIntCtxSw                               0x0800dbc7   Thumb Code     0  os_cpu_a.o(.text)
    PendSV_Handler                           0x0800dbd7   Thumb Code     0  os_cpu_a.o(.text)
    malloc                                   0x0800dc3d   Thumb Code    94  h1_alloc.o(.text)
    free                                     0x0800dc9b   Thumb Code    78  h1_free.o(.text)
    vsprintf                                 0x0800dce9   Thumb Code    32  vsprintf.o(.text)
    __2sprintf                               0x0800dd0d   Thumb Code    38  __2sprintf.o(.text)
    _printf_int_dec                          0x0800dd39   Thumb Code   102  _printf_dec.o(.text)
    __printf                                 0x0800ddb1   Thumb Code   390  __printf_flags_ss_wp.o(.text)
    strcpy                                   0x0800df3d   Thumb Code    72  strcpy.o(.text)
    strlen                                   0x0800df85   Thumb Code    62  strlen.o(.text)
    __use_two_region_memory                  0x0800dfc3   Thumb Code     2  heapauxi.o(.text)
    __rt_heap_escrow                         0x0800dfc5   Thumb Code     2  heapauxi.o(.text)
    __rt_heap_expand                         0x0800dfc7   Thumb Code     2  heapauxi.o(.text)
    __rt_heap_descriptor                     0x0800dfc9   Thumb Code     8  rt_heap_descriptor_intlibspace.o(.text)
    __use_no_heap                            0x0800dfd1   Thumb Code     2  hguard.o(.text)
    __heap$guard                             0x0800dfd3   Thumb Code     2  hguard.o(.text)
    _terminate_user_alloc                    0x0800dfd5   Thumb Code     2  init_alloc.o(.text)
    _init_user_alloc                         0x0800dfd7   Thumb Code     2  init_alloc.o(.text)
    __Heap_Full                              0x0800dfd9   Thumb Code    34  init_alloc.o(.text)
    __Heap_Broken                            0x0800dffb   Thumb Code     6  init_alloc.o(.text)
    _init_alloc                              0x0800e001   Thumb Code    94  init_alloc.o(.text)
    __Heap_Initialize                        0x0800e05f   Thumb Code    10  h1_init.o(.text)
    __Heap_DescSize                          0x0800e069   Thumb Code     4  h1_init.o(.text)
    __read_errno                             0x0800e06d   Thumb Code    10  _rserrno.o(.text)
    __set_errno                              0x0800e077   Thumb Code    12  _rserrno.o(.text)
    _printf_pre_padding                      0x0800e083   Thumb Code    46  _printf_pad.o(.text)
    _printf_post_padding                     0x0800e0b1   Thumb Code    36  _printf_pad.o(.text)
    _printf_truncate_signed                  0x0800e0d5   Thumb Code    18  _printf_truncate.o(.text)
    _printf_truncate_unsigned                0x0800e0e7   Thumb Code    18  _printf_truncate.o(.text)
    _printf_str                              0x0800e0f9   Thumb Code    82  _printf_str.o(.text)
    _printf_int_common                       0x0800e14b   Thumb Code   184  _printf_intcommon.o(.text)
    _printf_charcount                        0x0800e203   Thumb Code    42  _printf_charcount.o(.text)
    __lib_sel_fp_printf                      0x0800e22d   Thumb Code     2  _printf_fp_dec.o(.text)
    _printf_fp_dec_real                      0x0800e3d9   Thumb Code   628  _printf_fp_dec.o(.text)
    _printf_char_common                      0x0800e657   Thumb Code    32  _printf_char_common.o(.text)
    _sputc                                   0x0800e67d   Thumb Code    10  _sputc.o(.text)
    _printf_wctomb                           0x0800e689   Thumb Code   182  _printf_wctomb.o(.text)
    _printf_longlong_dec                     0x0800e745   Thumb Code   104  _printf_longlong_dec.o(.text)
    _printf_longlong_oct                     0x0800e7bd   Thumb Code    76  _printf_oct_int_ll.o(.text)
    _printf_int_oct                          0x0800e809   Thumb Code    24  _printf_oct_int_ll.o(.text)
    _printf_ll_oct                           0x0800e821   Thumb Code    12  _printf_oct_int_ll.o(.text)
    _printf_longlong_hex                     0x0800e835   Thumb Code    92  _printf_hex_int_ll_ptr.o(.text)
    _printf_int_hex                          0x0800e891   Thumb Code    28  _printf_hex_int_ll_ptr.o(.text)
    _printf_ll_hex                           0x0800e8ad   Thumb Code    12  _printf_hex_int_ll_ptr.o(.text)
    _printf_hex_ptr                          0x0800e8b9   Thumb Code    18  _printf_hex_int_ll_ptr.o(.text)
    __user_libspace                          0x0800e8d1   Thumb Code     8  libspace.o(.text)
    __user_perproc_libspace                  0x0800e8d1   Thumb Code     0  libspace.o(.text)
    __user_perthread_libspace                0x0800e8d1   Thumb Code     0  libspace.o(.text)
    __rt_locale                              0x0800e8d9   Thumb Code     8  rt_locale_intlibspace.o(.text)
    __aeabi_errno_addr                       0x0800e8e1   Thumb Code     8  rt_errno_addr_intlibspace.o(.text)
    __errno$intlibspace                      0x0800e8e1   Thumb Code     0  rt_errno_addr_intlibspace.o(.text)
    __rt_errno_addr$intlibspace              0x0800e8e1   Thumb Code     0  rt_errno_addr_intlibspace.o(.text)
    __Heap_ProvideMemory                     0x0800e8e9   Thumb Code    52  h1_extend.o(.text)
    _ll_udiv10                               0x0800e91d   Thumb Code   138  lludiv10.o(.text)
    _printf_fp_hex_real                      0x0800e9a9   Thumb Code   760  _printf_fp_hex.o(.text)
    _printf_fp_infnan                        0x0800eca9   Thumb Code   112  _printf_fp_infnan.o(.text)
    _printf_cs_common                        0x0800ed29   Thumb Code    20  _printf_char.o(.text)
    _printf_char                             0x0800ed3d   Thumb Code    16  _printf_char.o(.text)
    _printf_string                           0x0800ed4d   Thumb Code     8  _printf_char.o(.text)
    _printf_lcs_common                       0x0800ed55   Thumb Code    20  _printf_wchar.o(.text)
    _printf_wchar                            0x0800ed69   Thumb Code    16  _printf_wchar.o(.text)
    _printf_wstring                          0x0800ed79   Thumb Code     8  _printf_wchar.o(.text)
    _btod_etento                             0x0800ed81   Thumb Code   222  bigflt0.o(.text)
    _wcrtomb                                 0x0800ee65   Thumb Code    64  _wcrtomb.o(.text)
    __rt_SIGRTMEM                            0x0800eea5   Thumb Code    14  defsig_rtmem_outer.o(.text)
    __I$use$semihosting                      0x0800eeb3   Thumb Code     0  use_no_semi.o(.text)
    __use_no_semihosting_swi                 0x0800eeb3   Thumb Code     2  use_no_semi.o(.text)
    __semihosting_library_function           0x0800eeb5   Thumb Code     0  indicate_semi.o(.text)
    __user_setup_stackheap                   0x0800eeb5   Thumb Code    74  sys_stackheap_outer.o(.text)
    __rt_ctype_table                         0x0800ef01   Thumb Code    16  rt_ctype_table.o(.text)
    exit                                     0x0800ef11   Thumb Code    12  exit.o(.text)
    __sig_exit                               0x0800ef1d   Thumb Code    10  defsig_exit.o(.text)
    __rt_SIGRTMEM_inner                      0x0800ef29   Thumb Code    22  defsig_rtmem_inner.o(.text)
    strcmp                                   0x0800ef79   Thumb Code   128  strcmpv7m.o(.text)
    _sys_exit                                0x0800eff9   Thumb Code     8  sys_exit.o(.text)
    __default_signal_display                 0x0800f005   Thumb Code    50  defsig_general.o(.text)
    _ttywrch                                 0x0800f037   Thumb Code    14  sys_wrch.o(.text)
    _btod_d2e                                0x0800f045   Thumb Code    62  btod.o(CL$$btod_d2e)
    _d2e_denorm_low                          0x0800f083   Thumb Code    70  btod.o(CL$$btod_d2e_denorm_low)
    _d2e_norm_op1                            0x0800f0c9   Thumb Code    96  btod.o(CL$$btod_d2e_norm_op1)
    __btod_div_common                        0x0800f129   Thumb Code   696  btod.o(CL$$btod_div_common)
    _e2e                                     0x0800f461   Thumb Code   198  btod.o(CL$$btod_e2e)
    _btod_ediv                               0x0800f527   Thumb Code    40  btod.o(CL$$btod_ediv)
    _btod_emul                               0x0800f54f   Thumb Code    40  btod.o(CL$$btod_emul)
    __btod_mult_common                       0x0800f577   Thumb Code   580  btod.o(CL$$btod_mult_common)
    __ARM_fpclassify                         0x0800f7bb   Thumb Code    40  fpclassify.o(i.__ARM_fpclassify)
    __ieee754_rem_pio2                       0x0800f7e5   Thumb Code   832  rred.o(i.__ieee754_rem_pio2)
    __kernel_cos                             0x0800fb6d   Thumb Code   230  cos_i.o(i.__kernel_cos)
    __kernel_poly                            0x0800fc69   Thumb Code   170  poly.o(i.__kernel_poly)
    __kernel_sin                             0x0800fd15   Thumb Code   224  sin_i.o(i.__kernel_sin)
    __mathlib_dbl_underflow                  0x0800fe01   Thumb Code    10  dunder.o(i.__mathlib_dbl_underflow)
    _is_digit                                0x0800fe11   Thumb Code    14  __printf_wp.o(i._is_digit)
    atan                                     0x0800fe21   Thumb Code   478  atan.o(i.atan)
    cos                                      0x08010045   Thumb Code   164  cos.o(i.cos)
    sin                                      0x080100f1   Thumb Code   166  sin.o(i.sin)
    sqrt                                     0x080101a1   Thumb Code    76  sqrt.o(i.sqrt)
    _get_lc_numeric                          0x080101ed   Thumb Code    44  lc_numeric_c.o(locale$$code)
    _get_lc_ctype                            0x08010219   Thumb Code    44  lc_ctype_c.o(locale$$code)
    __aeabi_d2f                              0x08010245   Thumb Code     0  d2f.o(x$fpl$d2f)
    _d2f                                     0x08010245   Thumb Code    98  d2f.o(x$fpl$d2f)
    __aeabi_dadd                             0x080102a9   Thumb Code     0  daddsub_clz.o(x$fpl$dadd)
    _dadd                                    0x080102a9   Thumb Code   332  daddsub_clz.o(x$fpl$dadd)
    __fpl_dcheck_NaN1                        0x080103f9   Thumb Code    10  dcheck1.o(x$fpl$dcheck1)
    __fpl_dcmp_Inf                           0x08010409   Thumb Code    24  dcmpi.o(x$fpl$dcmpinf)
    __aeabi_ddiv                             0x08010421   Thumb Code     0  ddiv.o(x$fpl$ddiv)
    _ddiv                                    0x08010421   Thumb Code   552  ddiv.o(x$fpl$ddiv)
    __aeabi_d2iz                             0x080106d1   Thumb Code     0  dfix.o(x$fpl$dfix)
    _dfix                                    0x080106d1   Thumb Code    94  dfix.o(x$fpl$dfix)
    __aeabi_d2uiz                            0x08010731   Thumb Code     0  dfixu.o(x$fpl$dfixu)
    _dfixu                                   0x08010731   Thumb Code    90  dfixu.o(x$fpl$dfixu)
    __aeabi_i2d                              0x0801078b   Thumb Code     0  dflt_clz.o(x$fpl$dflt)
    _dflt                                    0x0801078b   Thumb Code    46  dflt_clz.o(x$fpl$dflt)
    __aeabi_ui2d                             0x080107b9   Thumb Code     0  dflt_clz.o(x$fpl$dfltu)
    _dfltu                                   0x080107b9   Thumb Code    38  dflt_clz.o(x$fpl$dfltu)
    __aeabi_cdcmple                          0x080107e1   Thumb Code     0  dleqf.o(x$fpl$dleqf)
    _dcmple                                  0x080107e1   Thumb Code   120  dleqf.o(x$fpl$dleqf)
    __fpl_dcmple_InfNaN                      0x08010843   Thumb Code     0  dleqf.o(x$fpl$dleqf)
    __aeabi_dmul                             0x08010859   Thumb Code     0  dmul.o(x$fpl$dmul)
    _dmul                                    0x08010859   Thumb Code   332  dmul.o(x$fpl$dmul)
    __fpl_dnaninf                            0x080109ad   Thumb Code   156  dnaninf.o(x$fpl$dnaninf)
    __fpl_dretinf                            0x08010a49   Thumb Code    12  dretinf.o(x$fpl$dretinf)
    __aeabi_cdrcmple                         0x08010a55   Thumb Code     0  drleqf.o(x$fpl$drleqf)
    _drcmple                                 0x08010a55   Thumb Code   108  drleqf.o(x$fpl$drleqf)
    __aeabi_drsub                            0x08010ac1   Thumb Code     0  daddsub_clz.o(x$fpl$drsb)
    _drsb                                    0x08010ac1   Thumb Code    22  daddsub_clz.o(x$fpl$drsb)
    _dsqrt                                   0x08010ad9   Thumb Code   456  dsqrt_noumaal.o(x$fpl$dsqrt)
    __aeabi_dsub                             0x08010ca5   Thumb Code     0  daddsub_clz.o(x$fpl$dsub)
    _dsub                                    0x08010ca5   Thumb Code   464  daddsub_clz.o(x$fpl$dsub)
    __aeabi_f2d                              0x08010e79   Thumb Code     0  f2d.o(x$fpl$f2d)
    _f2d                                     0x08010e79   Thumb Code    86  f2d.o(x$fpl$f2d)
    __aeabi_fadd                             0x08010ed1   Thumb Code     0  faddsub_clz.o(x$fpl$fadd)
    _fadd                                    0x08010ed1   Thumb Code   196  faddsub_clz.o(x$fpl$fadd)
    __fpl_fcmp_Inf                           0x08010f95   Thumb Code    24  fcmpi.o(x$fpl$fcmpinf)
    __aeabi_fdiv                             0x08010fad   Thumb Code     0  fdiv.o(x$fpl$fdiv)
    _fdiv                                    0x08010fad   Thumb Code   384  fdiv.o(x$fpl$fdiv)
    __aeabi_f2iz                             0x08011131   Thumb Code     0  ffix.o(x$fpl$ffix)
    _ffix                                    0x08011131   Thumb Code    54  ffix.o(x$fpl$ffix)
    __aeabi_f2uiz                            0x08011169   Thumb Code     0  ffixu.o(x$fpl$ffixu)
    _ffixu                                   0x08011169   Thumb Code    62  ffixu.o(x$fpl$ffixu)
    __aeabi_i2f                              0x080111a9   Thumb Code     0  fflt_clz.o(x$fpl$fflt)
    _fflt                                    0x080111a9   Thumb Code    48  fflt_clz.o(x$fpl$fflt)
    __aeabi_ui2f                             0x080111d9   Thumb Code     0  fflt_clz.o(x$fpl$ffltu)
    _ffltu                                   0x080111d9   Thumb Code    38  fflt_clz.o(x$fpl$ffltu)
    __aeabi_cfcmple                          0x08011201   Thumb Code     0  fleqf.o(x$fpl$fleqf)
    _fcmple                                  0x08011201   Thumb Code   104  fleqf.o(x$fpl$fleqf)
    __fpl_fcmple_InfNaN                      0x08011253   Thumb Code     0  fleqf.o(x$fpl$fleqf)
    __aeabi_fmul                             0x08011269   Thumb Code     0  fmul.o(x$fpl$fmul)
    _fmul                                    0x08011269   Thumb Code   258  fmul.o(x$fpl$fmul)
    __fpl_fnaninf                            0x0801136b   Thumb Code   140  fnaninf.o(x$fpl$fnaninf)
    __fpl_fretinf                            0x080113f7   Thumb Code    10  fretinf.o(x$fpl$fretinf)
    __aeabi_cfrcmple                         0x08011401   Thumb Code     0  frleqf.o(x$fpl$frleqf)
    _frcmple                                 0x08011401   Thumb Code    98  frleqf.o(x$fpl$frleqf)
    __aeabi_frsub                            0x08011463   Thumb Code     0  faddsub_clz.o(x$fpl$frsb)
    _frsb                                    0x08011463   Thumb Code    20  faddsub_clz.o(x$fpl$frsb)
    __aeabi_fsub                             0x08011479   Thumb Code     0  faddsub_clz.o(x$fpl$fsub)
    _fsub                                    0x08011479   Thumb Code   234  faddsub_clz.o(x$fpl$fsub)
    _printf_fp_dec                           0x08011563   Thumb Code     4  printf1.o(x$fpl$printf1)
    _printf_fp_hex                           0x08011567   Thumb Code     4  printf2.o(x$fpl$printf2)
    __fpl_return_NaN                         0x0801156b   Thumb Code   100  retnan.o(x$fpl$retnan)
    __ARM_scalbn                             0x080115cf   Thumb Code    92  scalbn.o(x$fpl$scalbn)
    __fpl_cmpreturn                          0x0801162b   Thumb Code    48  trapv.o(x$fpl$trapveneer)
    __I$use$fp                               0x0801165a   Number         0  usenofp.o(x$fpl$usenofp)
    asc2_1206                                0x08011660   Data        1140  _lcd.o(.constdata)
    asc2_1608                                0x08011ad4   Data        1520  _lcd.o(.constdata)
    OTT_TPX_TBL                              0x080120c4   Data          10  _ott2001a.o(.constdata)
    OSUnMapTbl                               0x080120ce   Data         256  os_core.o(.constdata)
    Region$$Table$$Base                      0x08012500   Number         0  anon$$obj.o(Region$$Table)
    Region$$Table$$Limit                     0x08012520   Number         0  anon$$obj.o(Region$$Table)
    __ctype                                  0x08012549   Data           0  lc_ctype_c.o(locale$$data)
    Max_Acc                                  0x20000000   Data           4  _mecanum.o(.data)
    Mec_FL                                   0x20000004   Data           8  _mecanum.o(.data)
    Mec_FR                                   0x2000000c   Data           8  _mecanum.o(.data)
    Mec_BL                                   0x20000014   Data           8  _mecanum.o(.data)
    Mec_BR                                   0x2000001c   Data           8  _mecanum.o(.data)
    motor_speed                              0x20000034   Data           4  _mecanum.o(.data)
    Speed_Limit                              0x20000038   Data           4  _mecanum.o(.data)
    Speed_X                                  0x2000004c   Data           4  _mecanum.o(.data)
    Speed_Y                                  0x20000050   Data           4  _mecanum.o(.data)
    Speed_Rotation                           0x20000054   Data           4  _mecanum.o(.data)
    coeff_x                                  0x20000058   Data           4  _mecanum.o(.data)
    coeff_y                                  0x2000005c   Data           4  _mecanum.o(.data)
    coeff_r                                  0x20000060   Data           4  _mecanum.o(.data)
    Pid_List                                 0x20000064   Data         144  _pid.o(.data)
    pid_total                                0x2000010c   Data           1  _pid.o(.data)
    Speed_rotation_max                       0x20000110   Data           4  _keep.o(.data)
    Aim_Keep_Point                           0x20000130   Data           8  _keep.o(.data)
    Aim_Keep_Radian                          0x20000138   Data           4  _keep.o(.data)
    Speed_Keep_Max                           0x2000013c   Data           4  _keep.o(.data)
    Xcursor                                  0x20000140   Data           1  _lcdio.o(.data)
    Ycursor                                  0x20000141   Data           1  _lcdio.o(.data)
    LCD_Index                                0x20000142   Data           1  _lcdio.o(.data)
    leftWheel                                0x20000144   Data           8  _diff.o(.data)
    rightWheel                               0x2000014c   Data           8  _diff.o(.data)
    Can_Data_Num                             0x20000168   Data           1  _can_database.o(.data)
    MOSI_INFRA_SWITCH                        0x20000169   Data           4  _can_database.o(.data)
    MISO_SWITCH                              0x2000016d   Data           2  _can_database.o(.data)
    Can_Database                             0x20000170   Data          40  _can_database.o(.data)
    HASH_TABLE                               0x20000198   Data         256  _can_database.o(.data)
    MISO_INFRARED                            0x20000298   Data           4  _can_database.o(.data)
    infrared_status                          0x2000029c   Data           1  _can_database.o(.data)
    MOSI_SONIC_CMD                           0x2000029d   Data           1  _can_database.o(.data)
    MISO_SONIC_DAT                           0x2000029e   Data           3  _can_database.o(.data)
    MOSI_PWM                                 0x200002a8   Data           8  _can_database.o(.data)
    io_structs                               0x200002b4   Data          70  _io_status.o(.data)
    POINT_COLOR                              0x200002fa   Data           2  _lcd.o(.data)
    BACK_COLOR                               0x200002fc   Data           2  _lcd.o(.data)
    Comd                                     0x20000300   Data           2  _ps2.o(.data)
    MASK                                     0x20000302   Data          32  _ps2.o(.data)
    Handkey                                  0x20000322   Data           2  _ps2.o(.data)
    pwm_structs                              0x20000324   Data          24  _pwm.o(.data)
    tp_dev                                   0x2000033c   Data          52  _touch.o(.data)
    CMD_RDX                                  0x20000370   Data           1  _touch.o(.data)
    CMD_RDY                                  0x20000371   Data           1  _touch.o(.data)
    TP_REMIND_MSG_TBL                        0x20000374   Data           4  _touch.o(.data)
    usart_structs                            0x20000378   Data          40  _uart.o(.data)
    Ultrasonic                               0x200003a0   Data         272  _ultrasonic.o(.data)
    ultrasonic_num                           0x200004b0   Data           1  _ultrasonic.o(.data)
    Tim_S                                    0x200004c0   Data           8  _encoder.o(.data)
    CPR                                      0x200004c8   Data           2  _encoder.o(.data)
    r_now                                    0x200004ca   Data           4  _encoder.o(.data)
    TaskStructs                              0x200004d0   Data        1056  _task.o(.data)
    testflag1                                0x200008f0   Data           1  _task.o(.data)
    testflag2                                0x200008f1   Data           1  _task.o(.data)
    testflag3                                0x200008f2   Data           1  _task.o(.data)
    PS2_key                                  0x20000910   Data           1  _task.o(.data)
    startNum                                 0x20000911   Data           2  stm32f10x_it.o(.data)
    cnt_flag                                 0x20000913   Data           1  stm32f10x_it.o(.data)
    gps_cnt                                  0x20000914   Data           1  stm32f10x_it.o(.data)
    rec_cnt                                  0x20000915   Data           1  stm32f10x_it.o(.data)
    tmp_data                                 0x20000916   Data           4  stm32f10x_it.o(.data)
    PcstartNum                               0x2000091a   Data           2  stm32f10x_it.o(.data)
    pc_cnt_flag                              0x2000091c   Data           1  stm32f10x_it.o(.data)
    pc_cnt                                   0x2000091d   Data           1  stm32f10x_it.o(.data)
    pc_rec_cnt                               0x2000091e   Data           1  stm32f10x_it.o(.data)
    pc_tmp_data                              0x2000091f   Data           4  stm32f10x_it.o(.data)
    SystemCoreClock                          0x20000924   Data           4  system_stm32f10x.o(.data)
    AHBPrescTable                            0x20000928   Data          16  system_stm32f10x.o(.data)
    OSCtxSwCtr                               0x2000094c   Data           4  os_core.o(.data)
    OSEventFreeList                          0x20000950   Data           4  os_core.o(.data)
    OSFlagFreeList                           0x20000954   Data           4  os_core.o(.data)
    OSCPUUsage                               0x20000958   Data           1  os_core.o(.data)
    OSIdleCtrMax                             0x2000095c   Data           4  os_core.o(.data)
    OSIdleCtrRun                             0x20000960   Data           4  os_core.o(.data)
    OSStatRdy                                0x20000964   Data           1  os_core.o(.data)
    OSIntNesting                             0x20000965   Data           1  os_core.o(.data)
    OSLockNesting                            0x20000966   Data           1  os_core.o(.data)
    OSPrioCur                                0x20000967   Data           1  os_core.o(.data)
    OSPrioHighRdy                            0x20000968   Data           1  os_core.o(.data)
    OSRdyGrp                                 0x20000969   Data           1  os_core.o(.data)
    OSRdyTbl                                 0x2000096a   Data           8  os_core.o(.data)
    OSRunning                                0x20000972   Data           1  os_core.o(.data)
    OSTaskCtr                                0x20000973   Data           1  os_core.o(.data)
    OSIdleCtr                                0x20000974   Data           4  os_core.o(.data)
    OSTCBCur                                 0x20000978   Data           4  os_core.o(.data)
    OSTCBFreeList                            0x2000097c   Data           4  os_core.o(.data)
    OSTCBHighRdy                             0x20000980   Data           4  os_core.o(.data)
    OSTCBList                                0x20000984   Data           4  os_core.o(.data)
    OSTickStepState                          0x20000988   Data           1  os_core.o(.data)
    OSQFreeList                              0x2000098c   Data           4  os_core.o(.data)
    OSTime                                   0x20000990   Data           4  os_core.o(.data)
    Vout                                     0x20000998   Data          40  _pid.o(.bss)
    GPS                                      0x200009c0   Data          12  _gopath.o(.bss)
    DataConvBuff                             0x200009cc   Data          25  _lcdio.o(.bss)
    LCD_Table                                0x200009e5   Data         100  _lcdio.o(.bss)
    lcddev                                   0x20000a4a   Data          14  _lcd.o(.bss)
    Data                                     0x20000a58   Data           9  _ps2.o(.bss)
    SdTPC                                    0x20000bc4   Data          64  _task.o(.bss)
    GpsData                                  0x20000c04   Data          60  stm32f10x_it.o(.bss)
    PcData                                   0x20000c40   Data          36  stm32f10x_it.o(.bss)
    OSEventTbl                               0x20000c64   Data         200  os_core.o(.bss)
    OSFlagTbl                                0x20000d2c   Data          80  os_core.o(.bss)
    OSTaskStatStk                            0x20000d7c   Data         512  os_core.o(.bss)
    OSTaskIdleStk                            0x20000f7c   Data         512  os_core.o(.bss)
    OSTCBPrioTbl                             0x2000117c   Data         256  os_core.o(.bss)
    OSTCBTbl                                 0x2000127c   Data        1008  os_core.o(.bss)
    OSQTbl                                   0x2000166c   Data         120  os_core.o(.bss)
    __libspace_start                         0x200016e4   Data          96  libspace.o(.bss)
    __temporary_stack_top$libspace           0x20001744   Data           0  libspace.o(.bss)



==============================================================================

Memory Map of the image

  Image Entry point : 0x08000131

  Load Region LR_IROM1 (Base: 0x08000000, Size: 0x00012fe0, Max: 0x00080000, ABSOLUTE, COMPRESSED[0x000127f0])

    Execution Region ER_IROM1 (Base: 0x08000000, Size: 0x0001264c, Max: 0x00080000, ABSOLUTE)

    Base Addr    Size         Type   Attr      Idx    E Section Name        Object

    0x08000000   0x00000130   Data   RO         1146    RESET               startup_stm32f10x_hd.o
    0x08000130   0x00000008   Code   RO         1406  * !!!main             c_w.l(__main.o)
    0x08000138   0x00000034   Code   RO         1890    !!!scatter          c_w.l(__scatter.o)
    0x0800016c   0x0000005a   Code   RO         1888    !!dczerorl2         c_w.l(__dczerorl2.o)
    0x080001c6   0x00000002   PAD
    0x080001c8   0x0000001c   Code   RO         1892    !!handler_zi        c_w.l(__scatter_zi.o)
    0x080001e4   0x00000000   Code   RO         1397    .ARM.Collect$$_printf_percent$$00000000  c_w.l(_printf_percent.o)
    0x080001e4   0x00000006   Code   RO         1586    .ARM.Collect$$_printf_percent$$00000001  c_w.l(_printf_n.o)
    0x080001ea   0x00000006   Code   RO         1588    .ARM.Collect$$_printf_percent$$00000002  c_w.l(_printf_p.o)
    0x080001f0   0x00000006   Code   RO         1396    .ARM.Collect$$_printf_percent$$00000003  c_w.l(_printf_f.o)
    0x080001f6   0x00000006   Code   RO         1592    .ARM.Collect$$_printf_percent$$00000004  c_w.l(_printf_e.o)
    0x080001fc   0x00000006   Code   RO         1593    .ARM.Collect$$_printf_percent$$00000005  c_w.l(_printf_g.o)
    0x08000202   0x00000006   Code   RO         1594    .ARM.Collect$$_printf_percent$$00000006  c_w.l(_printf_a.o)
    0x08000208   0x0000000a   Code   RO         1599    .ARM.Collect$$_printf_percent$$00000007  c_w.l(_printf_ll.o)
    0x08000212   0x00000006   Code   RO         1590    .ARM.Collect$$_printf_percent$$00000008  c_w.l(_printf_i.o)
    0x08000218   0x00000006   Code   RO         1395    .ARM.Collect$$_printf_percent$$00000009  c_w.l(_printf_d.o)
    0x0800021e   0x00000006   Code   RO         1591    .ARM.Collect$$_printf_percent$$0000000A  c_w.l(_printf_u.o)
    0x08000224   0x00000006   Code   RO         1589    .ARM.Collect$$_printf_percent$$0000000B  c_w.l(_printf_o.o)
    0x0800022a   0x00000006   Code   RO         1587    .ARM.Collect$$_printf_percent$$0000000C  c_w.l(_printf_x.o)
    0x08000230   0x00000006   Code   RO         1596    .ARM.Collect$$_printf_percent$$0000000D  c_w.l(_printf_lli.o)
    0x08000236   0x00000006   Code   RO         1597    .ARM.Collect$$_printf_percent$$0000000E  c_w.l(_printf_lld.o)
    0x0800023c   0x00000006   Code   RO         1598    .ARM.Collect$$_printf_percent$$0000000F  c_w.l(_printf_llu.o)
    0x08000242   0x00000006   Code   RO         1603    .ARM.Collect$$_printf_percent$$00000010  c_w.l(_printf_llo.o)
    0x08000248   0x00000006   Code   RO         1604    .ARM.Collect$$_printf_percent$$00000011  c_w.l(_printf_llx.o)
    0x0800024e   0x0000000a   Code   RO         1600    .ARM.Collect$$_printf_percent$$00000012  c_w.l(_printf_l.o)
    0x08000258   0x00000006   Code   RO         1584    .ARM.Collect$$_printf_percent$$00000013  c_w.l(_printf_c.o)
    0x0800025e   0x00000006   Code   RO         1585    .ARM.Collect$$_printf_percent$$00000014  c_w.l(_printf_s.o)
    0x08000264   0x00000006   Code   RO         1601    .ARM.Collect$$_printf_percent$$00000015  c_w.l(_printf_lc.o)
    0x0800026a   0x00000006   Code   RO         1602    .ARM.Collect$$_printf_percent$$00000016  c_w.l(_printf_ls.o)
    0x08000270   0x00000004   Code   RO         1595    .ARM.Collect$$_printf_percent$$00000017  c_w.l(_printf_percent_end.o)
    0x08000274   0x00000002   Code   RO         1821    .ARM.Collect$$libinit$$00000000  c_w.l(libinit.o)
    0x08000276   0x00000000   Code   RO         1608    .ARM.Collect$$libinit$$00000002  c_w.l(libinit2.o)
    0x08000276   0x00000008   Code   RO         1609    .ARM.Collect$$libinit$$00000003  c_w.l(libinit2.o)
    0x0800027e   0x00000000   Code   RO         1611    .ARM.Collect$$libinit$$00000008  c_w.l(libinit2.o)
    0x0800027e   0x00000000   Code   RO         1613    .ARM.Collect$$libinit$$0000000A  c_w.l(libinit2.o)
    0x0800027e   0x00000000   Code   RO         1615    .ARM.Collect$$libinit$$0000000C  c_w.l(libinit2.o)
    0x0800027e   0x00000006   Code   RO         1616    .ARM.Collect$$libinit$$0000000D  c_w.l(libinit2.o)
    0x08000284   0x00000000   Code   RO         1618    .ARM.Collect$$libinit$$0000000F  c_w.l(libinit2.o)
    0x08000284   0x0000000c   Code   RO         1619    .ARM.Collect$$libinit$$00000010  c_w.l(libinit2.o)
    0x08000290   0x00000000   Code   RO         1620    .ARM.Collect$$libinit$$00000011  c_w.l(libinit2.o)
    0x08000290   0x00000000   Code   RO         1622    .ARM.Collect$$libinit$$00000013  c_w.l(libinit2.o)
    0x08000290   0x0000000a   Code   RO         1623    .ARM.Collect$$libinit$$00000014  c_w.l(libinit2.o)
    0x0800029a   0x00000000   Code   RO         1624    .ARM.Collect$$libinit$$00000015  c_w.l(libinit2.o)
    0x0800029a   0x00000000   Code   RO         1626    .ARM.Collect$$libinit$$00000017  c_w.l(libinit2.o)
    0x0800029a   0x00000000   Code   RO         1628    .ARM.Collect$$libinit$$00000019  c_w.l(libinit2.o)
    0x0800029a   0x00000000   Code   RO         1630    .ARM.Collect$$libinit$$0000001B  c_w.l(libinit2.o)
    0x0800029a   0x00000000   Code   RO         1632    .ARM.Collect$$libinit$$0000001D  c_w.l(libinit2.o)
    0x0800029a   0x00000000   Code   RO         1634    .ARM.Collect$$libinit$$0000001F  c_w.l(libinit2.o)
    0x0800029a   0x00000000   Code   RO         1636    .ARM.Collect$$libinit$$00000021  c_w.l(libinit2.o)
    0x0800029a   0x00000000   Code   RO         1638    .ARM.Collect$$libinit$$00000023  c_w.l(libinit2.o)
    0x0800029a   0x00000000   Code   RO         1642    .ARM.Collect$$libinit$$0000002A  c_w.l(libinit2.o)
    0x0800029a   0x00000000   Code   RO         1644    .ARM.Collect$$libinit$$0000002C  c_w.l(libinit2.o)
    0x0800029a   0x00000000   Code   RO         1646    .ARM.Collect$$libinit$$0000002E  c_w.l(libinit2.o)
    0x0800029a   0x00000000   Code   RO         1648    .ARM.Collect$$libinit$$00000030  c_w.l(libinit2.o)
    0x0800029a   0x00000002   Code   RO         1649    .ARM.Collect$$libinit$$00000031  c_w.l(libinit2.o)
    0x0800029c   0x00000002   Code   RO         1885    .ARM.Collect$$libshutdown$$00000000  c_w.l(libshutdown.o)
    0x0800029e   0x00000000   Code   RO         1841    .ARM.Collect$$libshutdown$$00000003  c_w.l(libshutdown2.o)
    0x0800029e   0x00000000   Code   RO         1844    .ARM.Collect$$libshutdown$$00000006  c_w.l(libshutdown2.o)
    0x0800029e   0x00000000   Code   RO         1847    .ARM.Collect$$libshutdown$$00000009  c_w.l(libshutdown2.o)
    0x0800029e   0x00000000   Code   RO         1849    .ARM.Collect$$libshutdown$$0000000B  c_w.l(libshutdown2.o)
    0x0800029e   0x00000000   Code   RO         1852    .ARM.Collect$$libshutdown$$0000000E  c_w.l(libshutdown2.o)
    0x0800029e   0x00000002   Code   RO         1853    .ARM.Collect$$libshutdown$$0000000F  c_w.l(libshutdown2.o)
    0x080002a0   0x00000000   Code   RO         1508    .ARM.Collect$$rtentry$$00000000  c_w.l(rtentry.o)
    0x080002a0   0x00000000   Code   RO         1699    .ARM.Collect$$rtentry$$00000002  c_w.l(rtentry2.o)
    0x080002a0   0x00000006   Code   RO         1711    .ARM.Collect$$rtentry$$00000004  c_w.l(rtentry4.o)
    0x080002a6   0x00000000   Code   RO         1701    .ARM.Collect$$rtentry$$00000009  c_w.l(rtentry2.o)
    0x080002a6   0x00000004   Code   RO         1702    .ARM.Collect$$rtentry$$0000000A  c_w.l(rtentry2.o)
    0x080002aa   0x00000000   Code   RO         1704    .ARM.Collect$$rtentry$$0000000C  c_w.l(rtentry2.o)
    0x080002aa   0x00000008   Code   RO         1705    .ARM.Collect$$rtentry$$0000000D  c_w.l(rtentry2.o)
    0x080002b2   0x00000002   Code   RO         1826    .ARM.Collect$$rtexit$$00000000  c_w.l(rtexit.o)
    0x080002b4   0x00000000   Code   RO         1859    .ARM.Collect$$rtexit$$00000002  c_w.l(rtexit2.o)
    0x080002b4   0x00000004   Code   RO         1860    .ARM.Collect$$rtexit$$00000003  c_w.l(rtexit2.o)
    0x080002b8   0x00000006   Code   RO         1861    .ARM.Collect$$rtexit$$00000004  c_w.l(rtexit2.o)
    0x080002be   0x00000002   PAD
    0x080002c0   0x00000000   Code   RO         1725    .emb_text           c_w.l(maybetermalloc1.o)
    0x080002c0   0x0000069c   Code   RO            1    .text               _math.o
    0x0800095c   0x000002b0   Code   RO          139    .text               _pid.o
    0x08000c0c   0x000003f8   Code   RO          213    .text               _keep.o
    0x08001004   0x000008ac   Code   RO          284    .text               _lcdio.o
    0x080018b0   0x00000158   Code   RO          310    .text               _serial.o
    0x08001a08   0x0000021c   Code   RO          362    .text               _diff.o
    0x08001c24   0x0000017a   Code   RO          381    .text               _24cxx.o
    0x08001d9e   0x00000002   PAD
    0x08001da0   0x00000314   Code   RO          408    .text               _can.o
    0x080020b4   0x000000d8   Code   RO          430    .text               _can_database.o
    0x0800218c   0x00000030   Code   RO          448    .text               _command.o
    0x080021bc   0x00000278   Code   RO          461    .text               _ctiic.o
    0x08002434   0x00000130   Code   RO          479    .text               _delay.o
    0x08002564   0x00000140   Code   RO          523    .text               _io_status.o
    0x080026a4   0x000041c4   Code   RO          546    .text               _lcd.o
    0x08006868   0x0000028c   Code   RO          572    .text               _myiic.o
    0x08006af4   0x00000350   Code   RO          587    .text               _ott2001a.o
    0x08006e44   0x00000420   Code   RO          616    .text               _ps2.o
    0x08007264   0x00000338   Code   RO          644    .text               _pwm.o
    0x0800759c   0x00000088   Code   RO          662    .text               _tim.o
    0x08007624   0x000007e0   Code   RO          677    .text               _touch.o
    0x08007e04   0x000001c8   Code   RO          709    .text               _uart.o
    0x08007fcc   0x00000318   Code   RO          728    .text               _ultrasonic.o
    0x080082e4   0x000001f4   Code   RO          750    .text               _encoder.o
    0x080084d8   0x000002fc   Code   RO          765    .text               _task.o
    0x080087d4   0x000000cc   Code   RO          844    .text               sys.o
    0x080088a0   0x000000b8   Code   RO          867    .text               main.o
    0x08008958   0x00000418   Code   RO          920    .text               stm32f10x_it.o
    0x08008d70   0x000001dc   Code   RO          946    .text               system_stm32f10x.o
    0x08008f4c   0x000000dc   Code   RO          964    .text               misc.o
    0x08009028   0x000009ec   Code   RO          976    .text               stm32f10x_can.o
    0x08009a14   0x0000011c   Code   RO         1012    .text               stm32f10x_exti.o
    0x08009b30   0x00000618   Code   RO         1036    .text               stm32f10x_fsmc.o
    0x0800a148   0x00000358   Code   RO         1048    .text               stm32f10x_gpio.o
    0x0800a4a0   0x000003a4   Code   RO         1072    .text               stm32f10x_rcc.o
    0x0800a844   0x00000e1a   Code   RO         1110    .text               stm32f10x_tim.o
    0x0800b65e   0x00000002   PAD
    0x0800b660   0x00000408   Code   RO         1122    .text               stm32f10x_usart.o
    0x0800ba68   0x00000040   Code   RO         1147    .text               startup_stm32f10x_hd.o
    0x0800baa8   0x000008ac   Code   RO         1151    .text               os_core.o
    0x0800c354   0x00000818   Code   RO         1171    .text               os_flag.o
    0x0800cb6c   0x000005e8   Code   RO         1213    .text               os_q.o
    0x0800d154   0x000007cc   Code   RO         1237    .text               os_task.o
    0x0800d920   0x000001b8   Code   RO         1249    .text               os_time.o
    0x0800dad8   0x000000ae   Code   RO         1267    .text               os_cpu_c.o
    0x0800db86   0x00000002   PAD
    0x0800db88   0x000000b4   Code   RO         1298    .text               os_cpu_a.o
    0x0800dc3c   0x0000005e   Code   RO         1307    .text               c_w.l(h1_alloc.o)
    0x0800dc9a   0x0000004e   Code   RO         1309    .text               c_w.l(h1_free.o)
    0x0800dce8   0x00000024   Code   RO         1365    .text               c_w.l(vsprintf.o)
    0x0800dd0c   0x0000002c   Code   RO         1367    .text               c_w.l(__2sprintf.o)
    0x0800dd38   0x00000078   Code   RO         1373    .text               c_w.l(_printf_dec.o)
    0x0800ddb0   0x0000018c   Code   RO         1392    .text               c_w.l(__printf_flags_ss_wp.o)
    0x0800df3c   0x00000048   Code   RO         1398    .text               c_w.l(strcpy.o)
    0x0800df84   0x0000003e   Code   RO         1400    .text               c_w.l(strlen.o)
    0x0800dfc2   0x00000006   Code   RO         1404    .text               c_w.l(heapauxi.o)
    0x0800dfc8   0x00000008   Code   RO         1512    .text               c_w.l(rt_heap_descriptor_intlibspace.o)
    0x0800dfd0   0x00000004   Code   RO         1514    .text               c_w.l(hguard.o)
    0x0800dfd4   0x0000008a   Code   RO         1516    .text               c_w.l(init_alloc.o)
    0x0800e05e   0x0000000e   Code   RO         1520    .text               c_w.l(h1_init.o)
    0x0800e06c   0x00000016   Code   RO         1534    .text               c_w.l(_rserrno.o)
    0x0800e082   0x00000052   Code   RO         1536    .text               c_w.l(_printf_pad.o)
    0x0800e0d4   0x00000024   Code   RO         1538    .text               c_w.l(_printf_truncate.o)
    0x0800e0f8   0x00000052   Code   RO         1540    .text               c_w.l(_printf_str.o)
    0x0800e14a   0x000000b8   Code   RO         1542    .text               c_w.l(_printf_intcommon.o)
    0x0800e202   0x0000002a   Code   RO         1544    .text               c_w.l(_printf_charcount.o)
    0x0800e22c   0x00000420   Code   RO         1546    .text               c_w.l(_printf_fp_dec.o)
    0x0800e64c   0x00000030   Code   RO         1548    .text               c_w.l(_printf_char_common.o)
    0x0800e67c   0x0000000a   Code   RO         1550    .text               c_w.l(_sputc.o)
    0x0800e686   0x00000002   PAD
    0x0800e688   0x000000bc   Code   RO         1552    .text               c_w.l(_printf_wctomb.o)
    0x0800e744   0x00000078   Code   RO         1555    .text               c_w.l(_printf_longlong_dec.o)
    0x0800e7bc   0x00000078   Code   RO         1561    .text               c_w.l(_printf_oct_int_ll.o)
    0x0800e834   0x0000009c   Code   RO         1581    .text               c_w.l(_printf_hex_int_ll_ptr.o)
    0x0800e8d0   0x00000008   Code   RO         1695    .text               c_w.l(libspace.o)
    0x0800e8d8   0x00000008   Code   RO         1716    .text               c_w.l(rt_locale_intlibspace.o)
    0x0800e8e0   0x00000008   Code   RO         1721    .text               c_w.l(rt_errno_addr_intlibspace.o)
    0x0800e8e8   0x00000034   Code   RO         1727    .text               c_w.l(h1_extend.o)
    0x0800e91c   0x0000008a   Code   RO         1731    .text               c_w.l(lludiv10.o)
    0x0800e9a6   0x00000002   PAD
    0x0800e9a8   0x00000300   Code   RO         1733    .text               c_w.l(_printf_fp_hex.o)
    0x0800eca8   0x00000080   Code   RO         1736    .text               c_w.l(_printf_fp_infnan.o)
    0x0800ed28   0x0000002c   Code   RO         1740    .text               c_w.l(_printf_char.o)
    0x0800ed54   0x0000002c   Code   RO         1742    .text               c_w.l(_printf_wchar.o)
    0x0800ed80   0x000000e4   Code   RO         1744    .text               c_w.l(bigflt0.o)
    0x0800ee64   0x00000040   Code   RO         1769    .text               c_w.l(_wcrtomb.o)
    0x0800eea4   0x0000000e   Code   RO         1774    .text               c_w.l(defsig_rtmem_outer.o)
    0x0800eeb2   0x00000002   Code   RO         1793    .text               c_w.l(use_no_semi.o)
    0x0800eeb4   0x00000000   Code   RO         1795    .text               c_w.l(indicate_semi.o)
    0x0800eeb4   0x0000004a   Code   RO         1796    .text               c_w.l(sys_stackheap_outer.o)
    0x0800eefe   0x00000002   PAD
    0x0800ef00   0x00000010   Code   RO         1798    .text               c_w.l(rt_ctype_table.o)
    0x0800ef10   0x0000000c   Code   RO         1804    .text               c_w.l(exit.o)
    0x0800ef1c   0x0000000a   Code   RO         1806    .text               c_w.l(defsig_exit.o)
    0x0800ef26   0x00000002   PAD
    0x0800ef28   0x00000050   Code   RO         1808    .text               c_w.l(defsig_rtmem_inner.o)
    0x0800ef78   0x00000080   Code   RO         1810    .text               c_w.l(strcmpv7m.o)
    0x0800eff8   0x0000000c   Code   RO         1824    .text               c_w.l(sys_exit.o)
    0x0800f004   0x00000032   Code   RO         1837    .text               c_w.l(defsig_general.o)
    0x0800f036   0x0000000e   Code   RO         1856    .text               c_w.l(sys_wrch.o)
    0x0800f044   0x0000003e   Code   RO         1747    CL$$btod_d2e        c_w.l(btod.o)
    0x0800f082   0x00000046   Code   RO         1749    CL$$btod_d2e_denorm_low  c_w.l(btod.o)
    0x0800f0c8   0x00000060   Code   RO         1748    CL$$btod_d2e_norm_op1  c_w.l(btod.o)
    0x0800f128   0x00000338   Code   RO         1757    CL$$btod_div_common  c_w.l(btod.o)
    0x0800f460   0x000000c6   Code   RO         1754    CL$$btod_e2e        c_w.l(btod.o)
    0x0800f526   0x00000028   Code   RO         1751    CL$$btod_ediv       c_w.l(btod.o)
    0x0800f54e   0x00000028   Code   RO         1750    CL$$btod_emul       c_w.l(btod.o)
    0x0800f576   0x00000244   Code   RO         1756    CL$$btod_mult_common  c_w.l(btod.o)
    0x0800f7ba   0x00000028   Code   RO         1678    i.__ARM_fpclassify  m_ws.l(fpclassify.o)
    0x0800f7e2   0x00000002   PAD
    0x0800f7e4   0x00000388   Code   RO         1682    i.__ieee754_rem_pio2  m_ws.l(rred.o)
    0x0800fb6c   0x000000fc   Code   RO         1673    i.__kernel_cos      m_ws.l(cos_i.o)
    0x0800fc68   0x000000aa   Code   RO         1680    i.__kernel_poly     m_ws.l(poly.o)
    0x0800fd12   0x00000002   PAD
    0x0800fd14   0x000000ec   Code   RO         1687    i.__kernel_sin      m_ws.l(sin_i.o)
    0x0800fe00   0x00000010   Code   RO         1676    i.__mathlib_dbl_underflow  m_ws.l(dunder.o)
    0x0800fe10   0x0000000e   Code   RO         1385    i._is_digit         c_w.l(__printf_wp.o)
    0x0800fe1e   0x00000002   PAD
    0x0800fe20   0x00000224   Code   RO         1473    i.atan              m_ws.l(atan.o)
    0x08010044   0x000000ac   Code   RO         1483    i.cos               m_ws.l(cos.o)
    0x080100f0   0x000000b0   Code   RO         1491    i.sin               m_ws.l(sin.o)
    0x080101a0   0x0000004c   Code   RO         1499    i.sqrt              m_ws.l(sqrt.o)
    0x080101ec   0x0000002c   Code   RO         1772    locale$$code        c_w.l(lc_numeric_c.o)
    0x08010218   0x0000002c   Code   RO         1833    locale$$code        c_w.l(lc_ctype_c.o)
    0x08010244   0x00000062   Code   RO         1408    x$fpl$d2f           fz_ws.l(d2f.o)
    0x080102a6   0x00000002   PAD
    0x080102a8   0x00000150   Code   RO         1410    x$fpl$dadd          fz_ws.l(daddsub_clz.o)
    0x080103f8   0x00000010   Code   RO         1783    x$fpl$dcheck1       fz_ws.l(dcheck1.o)
    0x08010408   0x00000018   Code   RO         1650    x$fpl$dcmpinf       fz_ws.l(dcmpi.o)
    0x08010420   0x000002b0   Code   RO         1417    x$fpl$ddiv          fz_ws.l(ddiv.o)
    0x080106d0   0x0000005e   Code   RO         1785    x$fpl$dfix          fz_ws.l(dfix.o)
    0x0801072e   0x00000002   PAD
    0x08010730   0x0000005a   Code   RO         1420    x$fpl$dfixu         fz_ws.l(dfixu.o)
    0x0801078a   0x0000002e   Code   RO         1425    x$fpl$dflt          fz_ws.l(dflt_clz.o)
    0x080107b8   0x00000026   Code   RO         1424    x$fpl$dfltu         fz_ws.l(dflt_clz.o)
    0x080107de   0x00000002   PAD
    0x080107e0   0x00000078   Code   RO         1430    x$fpl$dleqf         fz_ws.l(dleqf.o)
    0x08010858   0x00000154   Code   RO         1432    x$fpl$dmul          fz_ws.l(dmul.o)
    0x080109ac   0x0000009c   Code   RO         1652    x$fpl$dnaninf       fz_ws.l(dnaninf.o)
    0x08010a48   0x0000000c   Code   RO         1654    x$fpl$dretinf       fz_ws.l(dretinf.o)
    0x08010a54   0x0000006c   Code   RO         1434    x$fpl$drleqf        fz_ws.l(drleqf.o)
    0x08010ac0   0x00000016   Code   RO         1411    x$fpl$drsb          fz_ws.l(daddsub_clz.o)
    0x08010ad6   0x00000002   PAD
    0x08010ad8   0x000001cc   Code   RO         1656    x$fpl$dsqrt         fz_ws.l(dsqrt_noumaal.o)
    0x08010ca4   0x000001d4   Code   RO         1412    x$fpl$dsub          fz_ws.l(daddsub_clz.o)
    0x08010e78   0x00000056   Code   RO         1436    x$fpl$f2d           fz_ws.l(f2d.o)
    0x08010ece   0x00000002   PAD
    0x08010ed0   0x000000c4   Code   RO         1438    x$fpl$fadd          fz_ws.l(faddsub_clz.o)
    0x08010f94   0x00000018   Code   RO         1658    x$fpl$fcmpinf       fz_ws.l(fcmpi.o)
    0x08010fac   0x00000184   Code   RO         1445    x$fpl$fdiv          fz_ws.l(fdiv.o)
    0x08011130   0x00000036   Code   RO         1450    x$fpl$ffix          fz_ws.l(ffix.o)
    0x08011166   0x00000002   PAD
    0x08011168   0x0000003e   Code   RO         1454    x$fpl$ffixu         fz_ws.l(ffixu.o)
    0x080111a6   0x00000002   PAD
    0x080111a8   0x00000030   Code   RO         1459    x$fpl$fflt          fz_ws.l(fflt_clz.o)
    0x080111d8   0x00000026   Code   RO         1458    x$fpl$ffltu         fz_ws.l(fflt_clz.o)
    0x080111fe   0x00000002   PAD
    0x08011200   0x00000068   Code   RO         1464    x$fpl$fleqf         fz_ws.l(fleqf.o)
    0x08011268   0x00000102   Code   RO         1466    x$fpl$fmul          fz_ws.l(fmul.o)
    0x0801136a   0x0000008c   Code   RO         1660    x$fpl$fnaninf       fz_ws.l(fnaninf.o)
    0x080113f6   0x0000000a   Code   RO         1662    x$fpl$fretinf       fz_ws.l(fretinf.o)
    0x08011400   0x00000062   Code   RO         1468    x$fpl$frleqf        fz_ws.l(frleqf.o)
    0x08011462   0x00000014   Code   RO         1439    x$fpl$frsb          fz_ws.l(faddsub_clz.o)
    0x08011476   0x00000002   PAD
    0x08011478   0x000000ea   Code   RO         1440    x$fpl$fsub          fz_ws.l(faddsub_clz.o)
    0x08011562   0x00000004   Code   RO         1470    x$fpl$printf1       fz_ws.l(printf1.o)
    0x08011566   0x00000004   Code   RO         1664    x$fpl$printf2       fz_ws.l(printf2.o)
    0x0801156a   0x00000064   Code   RO         1822    x$fpl$retnan        fz_ws.l(retnan.o)
    0x080115ce   0x0000005c   Code   RO         1670    x$fpl$scalbn        fz_ws.l(scalbn.o)
    0x0801162a   0x00000030   Code   RO         1854    x$fpl$trapveneer    fz_ws.l(trapv.o)
    0x0801165a   0x00000000   Code   RO         1672    x$fpl$usenofp       fz_ws.l(usenofp.o)
    0x0801165a   0x00000002   PAD
    0x0801165c   0x00000004   Data   RO          311    .constdata          _serial.o
    0x08011660   0x00000a64   Data   RO          548    .constdata          _lcd.o
    0x080120c4   0x0000000a   Data   RO          588    .constdata          _ott2001a.o
    0x080120ce   0x00000100   Data   RO         1153    .constdata          os_core.o
    0x080121ce   0x00000011   Data   RO         1393    .constdata          c_w.l(__printf_flags_ss_wp.o)
    0x080121df   0x00000001   PAD
    0x080121e0   0x00000098   Data   RO         1474    .constdata          m_ws.l(atan.o)
    0x08012278   0x00000008   Data   RO         1553    .constdata          c_w.l(_printf_wctomb.o)
    0x08012280   0x00000028   Data   RO         1582    .constdata          c_w.l(_printf_hex_int_ll_ptr.o)
    0x080122a8   0x00000030   Data   RO         1674    .constdata          m_ws.l(cos_i.o)
    0x080122d8   0x000000c8   Data   RO         1684    .constdata          m_ws.l(rred.o)
    0x080123a0   0x00000028   Data   RO         1688    .constdata          m_ws.l(sin_i.o)
    0x080123c8   0x00000026   Data   RO         1734    .constdata          c_w.l(_printf_fp_hex.o)
    0x080123ee   0x00000002   PAD
    0x080123f0   0x00000094   Data   RO         1745    .constdata          c_w.l(bigflt0.o)
    0x08012484   0x00000079   Data   RO          678    .conststring        _touch.o
    0x080124fd   0x00000003   PAD
    0x08012500   0x00000020   Data   RO         1886    Region$$Table       anon$$obj.o
    0x08012520   0x0000001c   Data   RO         1771    locale$$data        c_w.l(lc_numeric_c.o)
    0x0801253c   0x00000110   Data   RO         1832    locale$$data        c_w.l(lc_ctype_c.o)


    Execution Region RW_IRAM1 (Base: 0x20000000, Size: 0x00001d48, Max: 0x00010000, ABSOLUTE, COMPRESSED[0x000001a4])

    Base Addr    Size         Type   Attr      Idx    E Section Name        Object

    0x20000000   0x00000064   Data   RW          118    .data               _mecanum.o
    0x20000064   0x000000a9   Data   RW          141    .data               _pid.o
    0x2000010d   0x00000003   PAD
    0x20000110   0x00000030   Data   RW          214    .data               _keep.o
    0x20000140   0x00000003   Data   RW          286    .data               _lcdio.o
    0x20000143   0x00000001   PAD
    0x20000144   0x00000024   Data   RW          363    .data               _diff.o
    0x20000168   0x00000148   Data   RW          431    .data               _can_database.o
    0x200002b0   0x00000004   Data   RW          480    .data               _delay.o
    0x200002b4   0x00000046   Data   RW          524    .data               _io_status.o
    0x200002fa   0x00000004   Data   RW          549    .data               _lcd.o
    0x200002fe   0x00000001   Data   RW          589    .data               _ott2001a.o
    0x200002ff   0x00000001   PAD
    0x20000300   0x00000024   Data   RW          618    .data               _ps2.o
    0x20000324   0x00000018   Data   RW          645    .data               _pwm.o
    0x2000033c   0x0000003c   Data   RW          679    .data               _touch.o
    0x20000378   0x00000028   Data   RW          710    .data               _uart.o
    0x200003a0   0x00000120   Data   RW          730    .data               _ultrasonic.o
    0x200004c0   0x0000000e   Data   RW          751    .data               _encoder.o
    0x200004ce   0x00000002   PAD
    0x200004d0   0x00000441   Data   RW          768    .data               _task.o
    0x20000911   0x00000012   Data   RW          922    .data               stm32f10x_it.o
    0x20000923   0x00000001   PAD
    0x20000924   0x00000014   Data   RW          947    .data               system_stm32f10x.o
    0x20000938   0x00000014   Data   RW         1073    .data               stm32f10x_rcc.o
    0x2000094c   0x00000048   Data   RW         1154    .data               os_core.o
    0x20000994   0x00000004   PAD
    0x20000998   0x00000028   Zero   RW          140    .bss                _pid.o
    0x200009c0   0x0000000c   Zero   RW          182    .bss                _gopath.o
    0x200009cc   0x0000007d   Zero   RW          285    .bss                _lcdio.o
    0x20000a49   0x00000001   PAD
    0x20000a4a   0x0000000e   Zero   RW          547    .bss                _lcd.o
    0x20000a58   0x00000009   Zero   RW          617    .bss                _ps2.o
    0x20000a61   0x00000003   PAD
    0x20000a64   0x00000160   Zero   RW          729    .bss                _ultrasonic.o
    0x20000bc4   0x00000040   Zero   RW          766    .bss                _task.o
    0x20000c04   0x00000060   Zero   RW          921    .bss                stm32f10x_it.o
    0x20000c64   0x00000a80   Zero   RW         1152    .bss                os_core.o
    0x200016e4   0x00000060   Zero   RW         1696    .bss                c_w.l(libspace.o)
    0x20001744   0x00000004   PAD
    0x20001748   0x00000200   Zero   RW         1145    HEAP                startup_stm32f10x_hd.o
    0x20001948   0x00000400   Zero   RW         1144    STACK               startup_stm32f10x_hd.o


==============================================================================

Image component sizes


      Code (inc. data)   RO Data    RW Data    ZI Data      Debug   Object Name

       378          0          0          0          0       2538   _24cxx.o
       788         22          0          0          0       2571   _can.o
       216         12          0        328          0       2743   _can_database.o
        48          6          0          0          0        956   _command.o
       632         34          0          0          0       1965   _ctiic.o
       304         24          0          4          0       9814   _delay.o
       540         46          0         36          0       1790   _diff.o
       500         24          0         14          0       1572   _encoder.o
         0          0          0          0         12       1422   _gopath.o
       320         18          0         70          0       1495   _io_status.o
      1016        106          0         48          0       3432   _keep.o
     16836         98       2660          4         14      16489   _lcd.o
      2220         72          0          3        125       8480   _lcdio.o
      1692         34          0          0          0     275217   _math.o
         0          0          0        100          0       1836   _mecanum.o
       652         24          0          0          0       1808   _myiic.o
       848         50         10          1          0       2474   _ott2001a.o
       688         36          0        169         40       2155   _pid.o
      1056         44          0         36          9       3499   _ps2.o
       824         86          0         24          0       3021   _pwm.o
       344         60          4          0          0       2359   _serial.o
       764        136          0       1089         64       3674   _task.o
       136          6          0          0          0        717   _tim.o
      2016        132        121         60          0       5557   _touch.o
       456         34          0         40          0       2413   _uart.o
       792         34          0        288        352       2754   _ultrasonic.o
       184         38          0          0          0        499   main.o
       220         20          0          0          0       1673   misc.o
      2220        220        256         72       2688      14675   os_core.o
       180         36          0          0          0        288   os_cpu_a.o
       174          0          0          0          0      10234   os_cpu_c.o
      2072         40          0          0          0       6708   os_flag.o
      1512         30          0          0          0       5437   os_q.o
      1996         70          0          0          0       7365   os_task.o
       440         30          0          0          0       1734   os_time.o
        64         26        304          0       1536        756   startup_stm32f10x_hd.o
      2540         38          0          0          0       7728   stm32f10x_can.o
       284         10          0          0          0       2107   stm32f10x_exti.o
      1560         54          0          0          0       5215   stm32f10x_fsmc.o
       856         40          0          0          0       5521   stm32f10x_gpio.o
      1048         88          0         18         96       4529   stm32f10x_it.o
       932         44          0         20          0       8640   stm32f10x_rcc.o
      3610         88          0          0          0      22004   stm32f10x_tim.o
      1032         22          0          0          0       8240   stm32f10x_usart.o
       204         12          0          0          0      16241   sys.o
       476         36          0         20          0       1671   system_stm32f10x.o

    ----------------------------------------------------------------------
     55676       2080       3390       2452       4944     494016   Object Totals
         0          0         32          0          0          0   (incl. Generated)
         6          0          3          8          8          0   (incl. Padding)

    ----------------------------------------------------------------------

      Code (inc. data)   RO Data    RW Data    ZI Data      Debug   Library Member Name

        44          6          0          0          0         84   __2sprintf.o
        90          0          0          0          0          0   __dczerorl2.o
         8          0          0          0          0         68   __main.o
       396          6         17          0          0         92   __printf_flags_ss_wp.o
        14          0          0          0          0         68   __printf_wp.o
        52          8          0          0          0          0   __scatter.o
        28          0          0          0          0          0   __scatter_zi.o
         6          0          0          0          0          0   _printf_a.o
         6          0          0          0          0          0   _printf_c.o
        44          0          0          0          0        108   _printf_char.o
        48          6          0          0          0         96   _printf_char_common.o
        42          0          0          0          0         68   _printf_charcount.o
         6          0          0          0          0          0   _printf_d.o
       120         18          0          0          0         92   _printf_dec.o
         6          0          0          0          0          0   _printf_e.o
         6          0          0          0          0          0   _printf_f.o
      1056          0          0          0          0        216   _printf_fp_dec.o
       768          8         38          0          0        100   _printf_fp_hex.o
       128         16          0          0          0         84   _printf_fp_infnan.o
         6          0          0          0          0          0   _printf_g.o
       156          6         40          0          0        160   _printf_hex_int_ll_ptr.o
         6          0          0          0          0          0   _printf_i.o
       184          0          0          0          0         88   _printf_intcommon.o
        10          0          0          0          0          0   _printf_l.o
         6          0          0          0          0          0   _printf_lc.o
        10          0          0          0          0          0   _printf_ll.o
         6          0          0          0          0          0   _printf_lld.o
         6          0          0          0          0          0   _printf_lli.o
         6          0          0          0          0          0   _printf_llo.o
         6          0          0          0          0          0   _printf_llu.o
         6          0          0          0          0          0   _printf_llx.o
       120         16          0          0          0         92   _printf_longlong_dec.o
         6          0          0          0          0          0   _printf_ls.o
         6          0          0          0          0          0   _printf_n.o
         6          0          0          0          0          0   _printf_o.o
       120          8          0          0          0        124   _printf_oct_int_ll.o
         6          0          0          0          0          0   _printf_p.o
        82          0          0          0          0        108   _printf_pad.o
         0          0          0          0          0          0   _printf_percent.o
         4          0          0          0          0          0   _printf_percent_end.o
         6          0          0          0          0          0   _printf_s.o
        82          0          0          0          0         80   _printf_str.o
        36          0          0          0          0         84   _printf_truncate.o
         6          0          0          0          0          0   _printf_u.o
        44          0          0          0          0        108   _printf_wchar.o
       188          6          8          0          0         92   _printf_wctomb.o
         6          0          0          0          0          0   _printf_x.o
        22          0          0          0          0        100   _rserrno.o
        10          0          0          0          0         68   _sputc.o
        64          0          0          0          0         92   _wcrtomb.o
       228          6        148          0          0         96   bigflt0.o
      1910        128          0          0          0        672   btod.o
        10          0          0          0          0         68   defsig_exit.o
        50          0          0          0          0         88   defsig_general.o
        80         58          0          0          0         76   defsig_rtmem_inner.o
        14          0          0          0          0         80   defsig_rtmem_outer.o
        12          0          0          0          0         72   exit.o
        94          0          0          0          0         80   h1_alloc.o
        52          0          0          0          0         68   h1_extend.o
        78          0          0          0          0         80   h1_free.o
        14          0          0          0          0         84   h1_init.o
         6          0          0          0          0        152   heapauxi.o
         4          0          0          0          0        136   hguard.o
         0          0          0          0          0          0   indicate_semi.o
       138          0          0          0          0        168   init_alloc.o
        44         10        272          0          0         76   lc_ctype_c.o
        44         10         28          0          0         76   lc_numeric_c.o
         2          0          0          0          0          0   libinit.o
        38          0          0          0          0          0   libinit2.o
         2          0          0          0          0          0   libshutdown.o
         2          0          0          0          0          0   libshutdown2.o
         8          4          0          0         96         68   libspace.o
       138          0          0          0          0         80   lludiv10.o
         0          0          0          0          0          0   maybetermalloc1.o
        16          4          0          0          0         76   rt_ctype_table.o
         8          4          0          0          0         68   rt_errno_addr_intlibspace.o
         8          4          0          0          0         68   rt_heap_descriptor_intlibspace.o
         8          4          0          0          0         68   rt_locale_intlibspace.o
         0          0          0          0          0          0   rtentry.o
        12          0          0          0          0          0   rtentry2.o
         6          0          0          0          0          0   rtentry4.o
         2          0          0          0          0          0   rtexit.o
        10          0          0          0          0          0   rtexit2.o
       128          0          0          0          0         68   strcmpv7m.o
        72          0          0          0          0         80   strcpy.o
        62          0          0          0          0         76   strlen.o
        12          4          0          0          0         68   sys_exit.o
        74          0          0          0          0         80   sys_stackheap_outer.o
        14          0          0          0          0         76   sys_wrch.o
         2          0          0          0          0         68   use_no_semi.o
        36          4          0          0          0         76   vsprintf.o
        98          4          0          0          0         92   d2f.o
       826         16          0          0          0        348   daddsub_clz.o
        16          4          0          0          0         68   dcheck1.o
        24          0          0          0          0         68   dcmpi.o
       688        140          0          0          0        208   ddiv.o
        94          4          0          0          0         92   dfix.o
        90          4          0          0          0         92   dfixu.o
        84          0          0          0          0        136   dflt_clz.o
       120          4          0          0          0         92   dleqf.o
       340         12          0          0          0        104   dmul.o
       156          4          0          0          0         92   dnaninf.o
        12          0          0          0          0         68   dretinf.o
       108          0          0          0          0         80   drleqf.o
       460         56          0          0          0        120   dsqrt_noumaal.o
        86          4          0          0          0         84   f2d.o
       450          8          0          0          0        236   faddsub_clz.o
        24          0          0          0          0         68   fcmpi.o
       388         76          0          0          0         96   fdiv.o
        54          4          0          0          0         84   ffix.o
        62          4          0          0          0         84   ffixu.o
        86          0          0          0          0        136   fflt_clz.o
       104          4          0          0          0         84   fleqf.o
       258          4          0          0          0         84   fmul.o
       140          4          0          0          0         84   fnaninf.o
        10          0          0          0          0         68   fretinf.o
        98          0          0          0          0         68   frleqf.o
         4          0          0          0          0         68   printf1.o
         4          0          0          0          0         68   printf2.o
       100          0          0          0          0         68   retnan.o
        92          0          0          0          0         68   scalbn.o
        48          0          0          0          0         68   trapv.o
         0          0          0          0          0          0   usenofp.o
       548         70        152          0          0        124   atan.o
       172          8          0          0          0        112   cos.o
       252         22         48          0          0        124   cos_i.o
        16          6          0          0          0         68   dunder.o
        40          0          0          0          0         68   fpclassify.o
       170          0          0          0          0         96   poly.o
       904         72        200          0          0        140   rred.o
       176         10          0          0          0        116   sin.o
       236         12         40          0          0        128   sin_i.o
        76          0          0          0          0         84   sqrt.o

    ----------------------------------------------------------------------
     15280        900        994          0        100       9600   Library Totals
        38          0          3          0          4          0   (incl. Padding)

    ----------------------------------------------------------------------

      Code (inc. data)   RO Data    RW Data    ZI Data      Debug   Library Name

      7528        344        551          0         96       5364   c_w.l
      5124        356          0          0          0       3176   fz_ws.l
      2590        200        440          0          0       1060   m_ws.l

    ----------------------------------------------------------------------
     15280        900        994          0        100       9600   Library Totals

    ----------------------------------------------------------------------

==============================================================================


      Code (inc. data)   RO Data    RW Data    ZI Data      Debug   

     70956       2980       4384       2452       5044     494412   Grand Totals
     70956       2980       4384        420       5044     494412   ELF Image Totals (compressed)
     70956       2980       4384        420          0          0   ROM Totals

==============================================================================

    Total RO  Size (Code + RO Data)                75340 (  73.57kB)
    Total RW  Size (RW Data + ZI Data)              7496 (   7.32kB)
    Total ROM Size (Code + RO Data + RW Data)      75760 (  73.98kB)

==============================================================================

