<html>
<body>
<pre>
<h1>µVision Build Log</h1>
<h2>Project:</h2>
C:\Users\snow\Desktop\unity3d_test\HeilsCare-chassis\Start\HeilsCar.uvproj
Project File Date:  12/03/2016

<h2>Output:</h2>
Build target 'HeilsCar'
compiling _encoder.c...
compiling _task.c...
..\Algorithm\_lcdio.h(28): warning:  #1-D: last line of file ends without a newline
..\Algorithm\_keep.h(8): warning:  #1-D: last line of file ends without a newline
..\Algorithm\_serial.h(23): warning:  #1295-D: Deprecated declaration SerialCreate - give arg types
..\Algorithm\_serial.h(25): warning:  #1-D: last line of file ends without a newline
..\Task\_task.c(174): warning:  #1-D: last line of file ends without a newline
linking...
Program Size: Code=72436 RO-data=4432 RW-data=2404 ZI-data=5044  
FromELF: creating hex file...
"..\User\Objects\HeilsCar.axf" - 0 Error(s), 5 Warning(s).
Load "..\\User\\Objects\\HeilsCar.axf" 
Set JLink Project File to "C:\Users\snow\Desktop\unity3d_test\HeilsCare-chassis\Start\JLinkSettings.ini"
* JLink Info: Device "STM32F103ZE" selected (512 KB flash, 64 KB RAM).
 
JLink info:
------------
DLL: V4.84a, compiled Apr  4 2014 18:02:19
Firmware: J-Link ARM-OB STM32 compiled Aug 22 2012 19:52:04
Hardware: V7.00
S/N : 20161027 
Feature(s) : RDI,FlashDL,FlashBP,JFlash,GDBFull 
 
* JLink Info: Found SWD-DP with ID 0x1BA01477
* JLink Info: Found SWD-DP with ID 0x1BA01477
* JLink Info: Found Cortex-M3 r1p1, Little endian.
* JLink Info: FPUnit: 6 code (BP) slots and 2 literal slots
* JLink Info: TPIU fitted.
* JLink Info: ETM fitted.
ROMTableAddr = 0xE00FF003
 
Target info:
------------
Device: STM32F103ZE
VTarget = 3.300V
State of Pins: 
TCK: 0, TDI: 0, TDO: 1, TMS: 0, TRES: 1, TRST: 1
Hardware-Breakpoints: 6
Software-Breakpoints: 8192
Watchpoints:          4
JTAG speed: 2000 kHz
 
Erase Done.
Programming Done.
Verify OK.
Application running ...
Build target 'HeilsCar'
compiling _task.c...
..\Algorithm\_lcdio.h(28): warning:  #1-D: last line of file ends without a newline
..\Algorithm\_keep.h(8): warning:  #1-D: last line of file ends without a newline
..\Algorithm\_serial.h(23): warning:  #1295-D: Deprecated declaration SerialCreate - give arg types
..\Algorithm\_serial.h(25): warning:  #1-D: last line of file ends without a newline
..\Task\_task.c(174): warning:  #1-D: last line of file ends without a newline
linking...
Program Size: Code=72384 RO-data=4436 RW-data=2404 ZI-data=5044  
FromELF: creating hex file...
"..\User\Objects\HeilsCar.axf" - 0 Error(s), 5 Warning(s).
Load "..\\User\\Objects\\HeilsCar.axf" 
Set JLink Project File to "C:\Users\snow\Desktop\unity3d_test\HeilsCare-chassis\Start\JLinkSettings.ini"
* JLink Info: Device "STM32F103ZE" selected (512 KB flash, 64 KB RAM).
 
JLink info:
------------
DLL: V4.84a, compiled Apr  4 2014 18:02:19
Firmware: J-Link ARM-OB STM32 compiled Aug 22 2012 19:52:04
Hardware: V7.00
S/N : 20161027 
Feature(s) : RDI,FlashDL,FlashBP,JFlash,GDBFull 
 
* JLink Info: Found SWD-DP with ID 0x1BA01477
* JLink Info: Found SWD-DP with ID 0x1BA01477
* JLink Info: Found Cortex-M3 r1p1, Little endian.
* JLink Info: FPUnit: 6 code (BP) slots and 2 literal slots
* JLink Info: TPIU fitted.
* JLink Info: ETM fitted.
ROMTableAddr = 0xE00FF003
 
Target info:
------------
Device: STM32F103ZE
VTarget = 3.300V
State of Pins: 
TCK: 0, TDI: 0, TDO: 1, TMS: 0, TRES: 1, TRST: 1
Hardware-Breakpoints: 6
Software-Breakpoints: 8192
Watchpoints:          4
JTAG speed: 2000 kHz
 
Erase Done.
Programming Done.
Verify OK.
Application running ...
Build target 'HeilsCar'
compiling _task.c...
..\Algorithm\_lcdio.h(28): warning:  #1-D: last line of file ends without a newline
..\Algorithm\_keep.h(8): warning:  #1-D: last line of file ends without a newline
..\Algorithm\_serial.h(23): warning:  #1295-D: Deprecated declaration SerialCreate - give arg types
..\Algorithm\_serial.h(25): warning:  #1-D: last line of file ends without a newline
..\Task\_task.c(174): warning:  #1-D: last line of file ends without a newline
linking...
Program Size: Code=72384 RO-data=4436 RW-data=2404 ZI-data=5044  
FromELF: creating hex file...
"..\User\Objects\HeilsCar.axf" - 0 Error(s), 5 Warning(s).
Load "..\\User\\Objects\\HeilsCar.axf" 
Set JLink Project File to "C:\Users\snow\Desktop\unity3d_test\HeilsCare-chassis\Start\JLinkSettings.ini"
* JLink Info: Device "STM32F103ZE" selected (512 KB flash, 64 KB RAM).
 
JLink info:
------------
DLL: V4.84a, compiled Apr  4 2014 18:02:19
Firmware: J-Link ARM-OB STM32 compiled Aug 22 2012 19:52:04
Hardware: V7.00
S/N : 20161027 
Feature(s) : RDI,FlashDL,FlashBP,JFlash,GDBFull 
 
* JLink Info: Found SWD-DP with ID 0x1BA01477
* JLink Info: Found SWD-DP with ID 0x1BA01477
* JLink Info: Found Cortex-M3 r1p1, Little endian.
* JLink Info: FPUnit: 6 code (BP) slots and 2 literal slots
* JLink Info: TPIU fitted.
* JLink Info: ETM fitted.
ROMTableAddr = 0xE00FF003
 
Target info:
------------
Device: STM32F103ZE
VTarget = 3.300V
State of Pins: 
TCK: 0, TDI: 0, TDO: 1, TMS: 0, TRES: 1, TRST: 1
Hardware-Breakpoints: 6
Software-Breakpoints: 8192
Watchpoints:          4
JTAG speed: 2000 kHz
 
Erase Done.
Programming Done.
Verify OK.
Application running ...
Build target 'HeilsCar'
compiling _pwm.c...
linking...
Program Size: Code=72384 RO-data=4436 RW-data=2404 ZI-data=5044  
FromELF: creating hex file...
"..\User\Objects\HeilsCar.axf" - 0 Error(s), 0 Warning(s).
Load "..\\User\\Objects\\HeilsCar.axf" 
Set JLink Project File to "C:\Users\snow\Desktop\unity3d_test\HeilsCare-chassis\Start\JLinkSettings.ini"
* JLink Info: Device "STM32F103ZE" selected (512 KB flash, 64 KB RAM).
 
JLink info:
------------
DLL: V4.84a, compiled Apr  4 2014 18:02:19
Firmware: J-Link ARM-OB STM32 compiled Aug 22 2012 19:52:04
Hardware: V7.00
S/N : 20161027 
Feature(s) : RDI,FlashDL,FlashBP,JFlash,GDBFull 
 
* JLink Info: Found SWD-DP with ID 0x1BA01477
* JLink Info: Found SWD-DP with ID 0x1BA01477
* JLink Info: Found Cortex-M3 r1p1, Little endian.
* JLink Info: FPUnit: 6 code (BP) slots and 2 literal slots
* JLink Info: TPIU fitted.
* JLink Info: ETM fitted.
ROMTableAddr = 0xE00FF003
 
Target info:
------------
Device: STM32F103ZE
VTarget = 3.300V
State of Pins: 
TCK: 0, TDI: 0, TDO: 1, TMS: 0, TRES: 1, TRST: 1
Hardware-Breakpoints: 6
Software-Breakpoints: 8192
Watchpoints:          4
JTAG speed: 2000 kHz
 
Erase Done.
Programming Done.
Verify OK.
Application running ...
Build target 'HeilsCar'
compiling _mecanum.c...
compiling _diff.c...
..\Algorithm\_diff.c(33): warning:  #550-D: variable "deltaMax" was set but never used
..\Algorithm\_diff.c(38): warning:  #177-D: variable "delta_max" was declared but never referenced
..\Algorithm\_diff.c(39): warning:  #177-D: variable "PWM_Max" was declared but never referenced
..\Algorithm\_diff.c(20): warning:  #177-D: variable "wheelWidth" was declared but never referenced
..\Algorithm\_diff.c(21): warning:  #177-D: variable "wheelLength" was declared but never referenced
..\Algorithm\_diff.c(22): warning:  #177-D: variable "wheelRadius" was declared but never referenced
compiling _io_status.c...
compiling _pwm.c...
linking...
Program Size: Code=72384 RO-data=4436 RW-data=2388 ZI-data=5044  
FromELF: creating hex file...
"..\User\Objects\HeilsCar.axf" - 0 Error(s), 6 Warning(s).
Build target 'HeilsCar'
linking...
Program Size: Code=72384 RO-data=4436 RW-data=2388 ZI-data=5044  
FromELF: creating hex file...
"..\User\Objects\HeilsCar.axf" - 0 Error(s), 0 Warning(s).
Build target 'HeilsCar'
linking...
Program Size: Code=72384 RO-data=4436 RW-data=2388 ZI-data=5044  
FromELF: creating hex file...
"..\User\Objects\HeilsCar.axf" - 0 Error(s), 0 Warning(s).
Build target 'HeilsCar'
compiling _task.c...
..\Algorithm\_lcdio.h(28): warning:  #1-D: last line of file ends without a newline
..\Algorithm\_keep.h(8): warning:  #1-D: last line of file ends without a newline
..\Algorithm\_serial.h(23): warning:  #1295-D: Deprecated declaration SerialCreate - give arg types
..\Algorithm\_serial.h(25): warning:  #1-D: last line of file ends without a newline
..\Task\_task.c(177): warning:  #1-D: last line of file ends without a newline
linking...
Program Size: Code=71120 RO-data=4388 RW-data=2420 ZI-data=5044  
FromELF: creating hex file...
"..\User\Objects\HeilsCar.axf" - 0 Error(s), 5 Warning(s).
Build target 'HeilsCar'
compiling _task.c...
..\Algorithm\_lcdio.h(28): warning:  #1-D: last line of file ends without a newline
..\Algorithm\_keep.h(8): warning:  #1-D: last line of file ends without a newline
..\Algorithm\_serial.h(23): warning:  #1295-D: Deprecated declaration SerialCreate - give arg types
..\Algorithm\_serial.h(25): warning:  #1-D: last line of file ends without a newline
..\Task\_task.c(177): warning:  #1-D: last line of file ends without a newline
linking...
Program Size: Code=71120 RO-data=4388 RW-data=2420 ZI-data=5044  
FromELF: creating hex file...
"..\User\Objects\HeilsCar.axf" - 0 Error(s), 5 Warning(s).
Load "..\\User\\Objects\\HeilsCar.axf" 
Set JLink Project File to "C:\Users\snow\Desktop\unity3d_test\HeilsCare-chassis\Start\JLinkSettings.ini"
* JLink Info: Device "STM32F103ZE" selected (512 KB flash, 64 KB RAM).
 
JLink info:
------------
DLL: V4.84a, compiled Apr  4 2014 18:02:19
Firmware: J-Link ARM-OB STM32 compiled Aug 22 2012 19:52:04
Hardware: V7.00
S/N : 20161027 
Feature(s) : RDI,FlashDL,FlashBP,JFlash,GDBFull 
 
* JLink Info: Found SWD-DP with ID 0x1BA01477
* JLink Info: Found SWD-DP with ID 0x1BA01477
* JLink Info: Found Cortex-M3 r1p1, Little endian.
* JLink Info: FPUnit: 6 code (BP) slots and 2 literal slots
* JLink Info: TPIU fitted.
* JLink Info: ETM fitted.
ROMTableAddr = 0xE00FF003
 
Target info:
------------
Device: STM32F103ZE
VTarget = 3.300V
State of Pins: 
TCK: 0, TDI: 0, TDO: 1, TMS: 0, TRES: 1, TRST: 1
Hardware-Breakpoints: 6
Software-Breakpoints: 8192
Watchpoints:          4
JTAG speed: 2000 kHz
 
Erase Done.
Programming Done.
Verify OK.
Application running ...
Build target 'HeilsCar'
linking...
Program Size: Code=71120 RO-data=4388 RW-data=2420 ZI-data=5044  
FromELF: creating hex file...
"..\User\Objects\HeilsCar.axf" - 0 Error(s), 0 Warning(s).
Build target 'HeilsCar'
compiling _task.c...
..\Algorithm\_lcdio.h(28): warning:  #1-D: last line of file ends without a newline
..\Algorithm\_keep.h(8): warning:  #1-D: last line of file ends without a newline
..\Algorithm\_serial.h(23): warning:  #1295-D: Deprecated declaration SerialCreate - give arg types
..\Algorithm\_serial.h(25): warning:  #1-D: last line of file ends without a newline
..\Task\_task.c(177): warning:  #1-D: last line of file ends without a newline
linking...
Program Size: Code=71120 RO-data=4388 RW-data=2420 ZI-data=5044  
FromELF: creating hex file...
"..\User\Objects\HeilsCar.axf" - 0 Error(s), 5 Warning(s).
Load "..\\User\\Objects\\HeilsCar.axf" 
Set JLink Project File to "C:\Users\snow\Desktop\unity3d_test\HeilsCare-chassis\Start\JLinkSettings.ini"
* JLink Info: Device "STM32F103ZE" selected (512 KB flash, 64 KB RAM).
 
JLink info:
------------
DLL: V4.84a, compiled Apr  4 2014 18:02:19
Firmware: J-Link ARM-OB STM32 compiled Aug 22 2012 19:52:04
Hardware: V7.00
S/N : 20161027 
Feature(s) : RDI,FlashDL,FlashBP,JFlash,GDBFull 
 
* JLink Info: Found SWD-DP with ID 0x1BA01477
* JLink Info: Found SWD-DP with ID 0x1BA01477
* JLink Info: Found Cortex-M3 r1p1, Little endian.
* JLink Info: FPUnit: 6 code (BP) slots and 2 literal slots
* JLink Info: TPIU fitted.
* JLink Info: ETM fitted.
ROMTableAddr = 0xE00FF003
 
Target info:
------------
Device: STM32F103ZE
VTarget = 3.300V
State of Pins: 
TCK: 0, TDI: 0, TDO: 1, TMS: 0, TRES: 1, TRST: 1
Hardware-Breakpoints: 6
Software-Breakpoints: 8192
Watchpoints:          4
JTAG speed: 2000 kHz
 
Erase Done.
Programming Done.
Verify OK.
Application running ...
Build target 'HeilsCar'
compiling _task.c...
..\Algorithm\_lcdio.h(28): warning:  #1-D: last line of file ends without a newline
..\Algorithm\_keep.h(8): warning:  #1-D: last line of file ends without a newline
..\Algorithm\_serial.h(23): warning:  #1295-D: Deprecated declaration SerialCreate - give arg types
..\Algorithm\_serial.h(25): warning:  #1-D: last line of file ends without a newline
..\Task\_task.c(177): warning:  #1-D: last line of file ends without a newline
linking...
Program Size: Code=71120 RO-data=4388 RW-data=2420 ZI-data=5044  
FromELF: creating hex file...
"..\User\Objects\HeilsCar.axf" - 0 Error(s), 5 Warning(s).
Build target 'HeilsCar'
linking...
Program Size: Code=71120 RO-data=4388 RW-data=2420 ZI-data=5044  
FromELF: creating hex file...
"..\User\Objects\HeilsCar.axf" - 0 Error(s), 0 Warning(s).
Load "..\\User\\Objects\\HeilsCar.axf" 
Set JLink Project File to "C:\Users\snow\Desktop\unity3d_test\HeilsCare-chassis\Start\JLinkSettings.ini"
* JLink Info: Device "STM32F103ZE" selected (512 KB flash, 64 KB RAM).
 
JLink info:
------------
DLL: V4.84a, compiled Apr  4 2014 18:02:19
Firmware: J-Link ARM-OB STM32 compiled Aug 22 2012 19:52:04
Hardware: V7.00
S/N : 20161027 
Feature(s) : RDI,FlashDL,FlashBP,JFlash,GDBFull 
 
* JLink Info: Found SWD-DP with ID 0x1BA01477
* JLink Info: Found SWD-DP with ID 0x1BA01477
* JLink Info: Found Cortex-M3 r1p1, Little endian.
* JLink Info: FPUnit: 6 code (BP) slots and 2 literal slots
* JLink Info: TPIU fitted.
* JLink Info: ETM fitted.
ROMTableAddr = 0xE00FF003
 
Target info:
------------
Device: STM32F103ZE
VTarget = 3.300V
State of Pins: 
TCK: 0, TDI: 0, TDO: 1, TMS: 0, TRES: 1, TRST: 1
Hardware-Breakpoints: 6
Software-Breakpoints: 8192
Watchpoints:          4
JTAG speed: 2000 kHz
 
Erase Done.
Programming Done.
Verify OK.
Application running ...
Build target 'HeilsCar'
compiling _task.c...
..\Algorithm\_lcdio.h(28): warning:  #1-D: last line of file ends without a newline
..\Algorithm\_keep.h(8): warning:  #1-D: last line of file ends without a newline
..\Algorithm\_serial.h(23): warning:  #1295-D: Deprecated declaration SerialCreate - give arg types
..\Algorithm\_serial.h(25): warning:  #1-D: last line of file ends without a newline
..\Task\_task.c(177): warning:  #1-D: last line of file ends without a newline
linking...
Program Size: Code=71120 RO-data=4388 RW-data=2420 ZI-data=5044  
FromELF: creating hex file...
"..\User\Objects\HeilsCar.axf" - 0 Error(s), 5 Warning(s).
Load "..\\User\\Objects\\HeilsCar.axf" 
Set JLink Project File to "C:\Users\snow\Desktop\unity3d_test\HeilsCare-chassis\Start\JLinkSettings.ini"
* JLink Info: Device "STM32F103ZE" selected (512 KB flash, 64 KB RAM).
 
JLink info:
------------
DLL: V4.84a, compiled Apr  4 2014 18:02:19
Firmware: J-Link ARM-OB STM32 compiled Aug 22 2012 19:52:04
Hardware: V7.00
S/N : 20161027 
Feature(s) : RDI,FlashDL,FlashBP,JFlash,GDBFull 
 
* JLink Info: Found SWD-DP with ID 0x1BA01477
* JLink Info: Found SWD-DP with ID 0x1BA01477
* JLink Info: Found Cortex-M3 r1p1, Little endian.
* JLink Info: FPUnit: 6 code (BP) slots and 2 literal slots
* JLink Info: TPIU fitted.
* JLink Info: ETM fitted.
ROMTableAddr = 0xE00FF003
 
Target info:
------------
Device: STM32F103ZE
VTarget = 3.300V
State of Pins: 
TCK: 0, TDI: 0, TDO: 1, TMS: 0, TRES: 1, TRST: 1
Hardware-Breakpoints: 6
Software-Breakpoints: 8192
Watchpoints:          4
JTAG speed: 2000 kHz
 
Erase Done.
Programming Done.
Verify OK.
Application running ...
Build target 'HeilsCar'
compiling _task.c...
..\Algorithm\_lcdio.h(28): warning:  #1-D: last line of file ends without a newline
..\Algorithm\_keep.h(8): warning:  #1-D: last line of file ends without a newline
..\Algorithm\_serial.h(23): warning:  #1295-D: Deprecated declaration SerialCreate - give arg types
..\Algorithm\_serial.h(25): warning:  #1-D: last line of file ends without a newline
..\Task\_task.c(177): warning:  #1-D: last line of file ends without a newline
linking...
Program Size: Code=71120 RO-data=4388 RW-data=2420 ZI-data=5044  
FromELF: creating hex file...
"..\User\Objects\HeilsCar.axf" - 0 Error(s), 5 Warning(s).
Load "..\\User\\Objects\\HeilsCar.axf" 
Set JLink Project File to "C:\Users\snow\Desktop\unity3d_test\HeilsCare-chassis\Start\JLinkSettings.ini"
* JLink Info: Device "STM32F103ZE" selected (512 KB flash, 64 KB RAM).
 
JLink info:
------------
DLL: V4.84a, compiled Apr  4 2014 18:02:19
Firmware: J-Link ARM-OB STM32 compiled Aug 22 2012 19:52:04
Hardware: V7.00
S/N : 20161027 
Feature(s) : RDI,FlashDL,FlashBP,JFlash,GDBFull 
 
* JLink Info: Found SWD-DP with ID 0x1BA01477
* JLink Info: Found SWD-DP with ID 0x1BA01477
* JLink Info: Found Cortex-M3 r1p1, Little endian.
* JLink Info: FPUnit: 6 code (BP) slots and 2 literal slots
* JLink Info: TPIU fitted.
* JLink Info: ETM fitted.
ROMTableAddr = 0xE00FF003
 
Target info:
------------
Device: STM32F103ZE
VTarget = 3.300V
State of Pins: 
TCK: 0, TDI: 0, TDO: 1, TMS: 0, TRES: 1, TRST: 1
Hardware-Breakpoints: 6
Software-Breakpoints: 8192
Watchpoints:          4
JTAG speed: 2000 kHz
 
Erase Done.
Programming Done.
Verify OK.
Application running ...
Build target 'HeilsCar'
compiling _task.c...
..\Algorithm\_lcdio.h(28): warning:  #1-D: last line of file ends without a newline
..\Algorithm\_keep.h(8): warning:  #1-D: last line of file ends without a newline
..\Algorithm\_serial.h(23): warning:  #1295-D: Deprecated declaration SerialCreate - give arg types
..\Algorithm\_serial.h(25): warning:  #1-D: last line of file ends without a newline
..\Task\_task.c(177): warning:  #1-D: last line of file ends without a newline
linking...
Program Size: Code=71120 RO-data=4388 RW-data=2420 ZI-data=5044  
FromELF: creating hex file...
"..\User\Objects\HeilsCar.axf" - 0 Error(s), 5 Warning(s).
Load "..\\User\\Objects\\HeilsCar.axf" 
Set JLink Project File to "C:\Users\snow\Desktop\unity3d_test\HeilsCare-chassis\Start\JLinkSettings.ini"
* JLink Info: Device "STM32F103ZE" selected (512 KB flash, 64 KB RAM).
 
JLink info:
------------
DLL: V4.84a, compiled Apr  4 2014 18:02:19
Firmware: J-Link ARM-OB STM32 compiled Aug 22 2012 19:52:04
Hardware: V7.00
S/N : 20161027 
Feature(s) : RDI,FlashDL,FlashBP,JFlash,GDBFull 
 
* JLink Info: Found SWD-DP with ID 0x1BA01477
* JLink Info: Found SWD-DP with ID 0x1BA01477
* JLink Info: Found Cortex-M3 r1p1, Little endian.
* JLink Info: FPUnit: 6 code (BP) slots and 2 literal slots
* JLink Info: TPIU fitted.
* JLink Info: ETM fitted.
ROMTableAddr = 0xE00FF003
 
Target info:
------------
Device: STM32F103ZE
VTarget = 3.300V
State of Pins: 
TCK: 0, TDI: 0, TDO: 1, TMS: 0, TRES: 1, TRST: 1
Hardware-Breakpoints: 6
Software-Breakpoints: 8192
Watchpoints:          4
JTAG speed: 2000 kHz
 
Erase Done.
Programming Done.
Verify OK.
Application running ...
Build target 'HeilsCar'
compiling _task.c...
..\Algorithm\_lcdio.h(28): warning:  #1-D: last line of file ends without a newline
..\Algorithm\_keep.h(8): warning:  #1-D: last line of file ends without a newline
..\Algorithm\_serial.h(23): warning:  #1295-D: Deprecated declaration SerialCreate - give arg types
..\Algorithm\_serial.h(25): warning:  #1-D: last line of file ends without a newline
..\Task\_task.c(177): warning:  #1-D: last line of file ends without a newline
linking...
Program Size: Code=71116 RO-data=4384 RW-data=2420 ZI-data=5044  
FromELF: creating hex file...
"..\User\Objects\HeilsCar.axf" - 0 Error(s), 5 Warning(s).
Load "..\\User\\Objects\\HeilsCar.axf" 
Set JLink Project File to "C:\Users\snow\Desktop\unity3d_test\HeilsCare-chassis\Start\JLinkSettings.ini"
* JLink Info: Device "STM32F103ZE" selected (512 KB flash, 64 KB RAM).
 
JLink info:
------------
DLL: V4.84a, compiled Apr  4 2014 18:02:19
Firmware: J-Link ARM-OB STM32 compiled Aug 22 2012 19:52:04
Hardware: V7.00
S/N : 20161027 
Feature(s) : RDI,FlashDL,FlashBP,JFlash,GDBFull 
 
* JLink Info: Found SWD-DP with ID 0x1BA01477
* JLink Info: Found SWD-DP with ID 0x1BA01477
* JLink Info: Found Cortex-M3 r1p1, Little endian.
* JLink Info: FPUnit: 6 code (BP) slots and 2 literal slots
* JLink Info: TPIU fitted.
* JLink Info: ETM fitted.
ROMTableAddr = 0xE00FF003
 
Target info:
------------
Device: STM32F103ZE
VTarget = 3.300V
State of Pins: 
TCK: 0, TDI: 0, TDO: 1, TMS: 0, TRES: 1, TRST: 1
Hardware-Breakpoints: 6
Software-Breakpoints: 8192
Watchpoints:          4
JTAG speed: 2000 kHz
 
Erase Done.
Programming Done.
Verify OK.
Application running ...
Build target 'HeilsCar'
compiling _task.c...
..\Algorithm\_lcdio.h(28): warning:  #1-D: last line of file ends without a newline
..\Algorithm\_keep.h(8): warning:  #1-D: last line of file ends without a newline
..\Algorithm\_serial.h(23): warning:  #1295-D: Deprecated declaration SerialCreate - give arg types
..\Algorithm\_serial.h(25): warning:  #1-D: last line of file ends without a newline
..\Task\_task.c(177): warning:  #1-D: last line of file ends without a newline
linking...
Program Size: Code=71120 RO-data=4388 RW-data=2420 ZI-data=5044  
FromELF: creating hex file...
"..\User\Objects\HeilsCar.axf" - 0 Error(s), 5 Warning(s).
Load "..\\User\\Objects\\HeilsCar.axf" 
Set JLink Project File to "C:\Users\snow\Desktop\unity3d_test\HeilsCare-chassis\Start\JLinkSettings.ini"
* JLink Info: Device "STM32F103ZE" selected (512 KB flash, 64 KB RAM).
 
JLink info:
------------
DLL: V4.84a, compiled Apr  4 2014 18:02:19
Firmware: J-Link ARM-OB STM32 compiled Aug 22 2012 19:52:04
Hardware: V7.00
S/N : 20161027 
Feature(s) : RDI,FlashDL,FlashBP,JFlash,GDBFull 
 
* JLink Info: Found SWD-DP with ID 0x1BA01477
* JLink Info: Found SWD-DP with ID 0x1BA01477
* JLink Info: Found Cortex-M3 r1p1, Little endian.
* JLink Info: FPUnit: 6 code (BP) slots and 2 literal slots
* JLink Info: TPIU fitted.
* JLink Info: ETM fitted.
ROMTableAddr = 0xE00FF003
 
Target info:
------------
Device: STM32F103ZE
VTarget = 3.300V
State of Pins: 
TCK: 0, TDI: 0, TDO: 1, TMS: 0, TRES: 1, TRST: 1
Hardware-Breakpoints: 6
Software-Breakpoints: 8192
Watchpoints:          4
JTAG speed: 2000 kHz
 
Erase Done.
Programming Done.
Verify OK.
Application running ...
Build target 'HeilsCar'
compiling _task.c...
..\Algorithm\_lcdio.h(28): warning:  #1-D: last line of file ends without a newline
..\Algorithm\_keep.h(8): warning:  #1-D: last line of file ends without a newline
..\Algorithm\_serial.h(23): warning:  #1295-D: Deprecated declaration SerialCreate - give arg types
..\Algorithm\_serial.h(25): warning:  #1-D: last line of file ends without a newline
..\Task\_task.c(177): warning:  #1-D: last line of file ends without a newline
linking...
Program Size: Code=71120 RO-data=4388 RW-data=2420 ZI-data=5044  
FromELF: creating hex file...
"..\User\Objects\HeilsCar.axf" - 0 Error(s), 5 Warning(s).
Load "..\\User\\Objects\\HeilsCar.axf" 
Set JLink Project File to "C:\Users\snow\Desktop\unity3d_test\HeilsCare-chassis\Start\JLinkSettings.ini"
* JLink Info: Device "STM32F103ZE" selected (512 KB flash, 64 KB RAM).
 
JLink info:
------------
DLL: V4.84a, compiled Apr  4 2014 18:02:19
Firmware: J-Link ARM-OB STM32 compiled Aug 22 2012 19:52:04
Hardware: V7.00
S/N : 20161027 
Feature(s) : RDI,FlashDL,FlashBP,JFlash,GDBFull 
 
* JLink Info: Found SWD-DP with ID 0x1BA01477
* JLink Info: Found SWD-DP with ID 0x1BA01477
* JLink Info: Found Cortex-M3 r1p1, Little endian.
* JLink Info: FPUnit: 6 code (BP) slots and 2 literal slots
* JLink Info: TPIU fitted.
* JLink Info: ETM fitted.
ROMTableAddr = 0xE00FF003
 
Target info:
------------
Device: STM32F103ZE
VTarget = 3.300V
State of Pins: 
TCK: 0, TDI: 0, TDO: 1, TMS: 0, TRES: 1, TRST: 1
Hardware-Breakpoints: 6
Software-Breakpoints: 8192
Watchpoints:          4
JTAG speed: 2000 kHz
 
Erase Done.
Programming Done.
***JLink Error: Can not read register 0 (R0) while CPU is running
***JLink Error: Can not read register 1 (R1) while CPU is running
***JLink Error: Can not read register 2 (R2) while CPU is running
***JLink Error: Can not read register 3 (R3) while CPU is running
***JLink Error: Can not read register 4 (R4) while CPU is running
***JLink Error: Can not read register 5 (R5) while CPU is running
***JLink Error: Can not read register 6 (R6) while CPU is running
***JLink Error: Can not read register 7 (R7) while CPU is running
***JLink Error: Can not read register 8 (R8) while CPU is running
***JLink Error: Can not read register 9 (R9) while CPU is running
***JLink Error: Can not read register 10 (R10) while CPU is running
***JLink Error: Can not read register 11 (R11) while CPU is running
***JLink Error: Can not read register 12 (R12) while CPU is running
***JLink Error: Can not read register 13 (R13) while CPU is running
***JLink Error: Can not read register 14 (R14) while CPU is running
***JLink Error: Can not read register 15 (R15) while CPU is running
***JLink Error: Can not read register 16 (XPSR) while CPU is running
***JLink Error: Can not read register 17 (MSP) while CPU is running
***JLink Error: Can not read register 18 (PSP) while CPU is running
***JLink Error: Can not read register 20 (CFBP) while CPU is running
Verify OK.
Application running ...
Build target 'HeilsCar'
compiling _task.c...
..\Algorithm\_lcdio.h(28): warning:  #1-D: last line of file ends without a newline
..\Algorithm\_keep.h(8): warning:  #1-D: last line of file ends without a newline
..\Algorithm\_serial.h(23): warning:  #1295-D: Deprecated declaration SerialCreate - give arg types
..\Algorithm\_serial.h(25): warning:  #1-D: last line of file ends without a newline
..\Task\_task.c(177): warning:  #1-D: last line of file ends without a newline
linking...
Program Size: Code=71120 RO-data=4388 RW-data=2420 ZI-data=5044  
FromELF: creating hex file...
"..\User\Objects\HeilsCar.axf" - 0 Error(s), 5 Warning(s).
Load "..\\User\\Objects\\HeilsCar.axf" 
Set JLink Project File to "C:\Users\snow\Desktop\unity3d_test\HeilsCare-chassis\Start\JLinkSettings.ini"
* JLink Info: Device "STM32F103ZE" selected (512 KB flash, 64 KB RAM).
 
JLink info:
------------
DLL: V4.84a, compiled Apr  4 2014 18:02:19
Firmware: J-Link ARM-OB STM32 compiled Aug 22 2012 19:52:04
Hardware: V7.00
S/N : 20161027 
Feature(s) : RDI,FlashDL,FlashBP,JFlash,GDBFull 
 
* JLink Info: Found SWD-DP with ID 0x1BA01477
* JLink Info: Found SWD-DP with ID 0x1BA01477
* JLink Info: Found Cortex-M3 r1p1, Little endian.
* JLink Info: FPUnit: 6 code (BP) slots and 2 literal slots
* JLink Info: TPIU fitted.
* JLink Info: ETM fitted.
ROMTableAddr = 0xE00FF003
 
Target info:
------------
Device: STM32F103ZE
VTarget = 3.300V
State of Pins: 
TCK: 0, TDI: 0, TDO: 1, TMS: 0, TRES: 1, TRST: 1
Hardware-Breakpoints: 6
Software-Breakpoints: 8192
Watchpoints:          4
JTAG speed: 2000 kHz
 
Erase Done.
Programming Done.
Verify OK.
Application running ...
Build target 'HeilsCar'
compiling _diff.c...
..\Algorithm\_diff.c(33): warning:  #550-D: variable "deltaMax" was set but never used
..\Algorithm\_diff.c(38): warning:  #177-D: variable "delta_max" was declared but never referenced
..\Algorithm\_diff.c(39): warning:  #177-D: variable "PWM_Max" was declared but never referenced
..\Algorithm\_diff.c(20): warning:  #177-D: variable "wheelWidth" was declared but never referenced
..\Algorithm\_diff.c(21): warning:  #177-D: variable "wheelLength" was declared but never referenced
..\Algorithm\_diff.c(22): warning:  #177-D: variable "wheelRadius" was declared but never referenced
linking...
Program Size: Code=71116 RO-data=4384 RW-data=2420 ZI-data=5044  
FromELF: creating hex file...
"..\User\Objects\HeilsCar.axf" - 0 Error(s), 6 Warning(s).
Load "..\\User\\Objects\\HeilsCar.axf" 
Set JLink Project File to "C:\Users\snow\Desktop\unity3d_test\HeilsCare-chassis\Start\JLinkSettings.ini"
* JLink Info: Device "STM32F103ZE" selected (512 KB flash, 64 KB RAM).
 
JLink info:
------------
DLL: V4.84a, compiled Apr  4 2014 18:02:19
Firmware: J-Link ARM-OB STM32 compiled Aug 22 2012 19:52:04
Hardware: V7.00
S/N : 20161027 
Feature(s) : RDI,FlashDL,FlashBP,JFlash,GDBFull 
 
* JLink Info: Found SWD-DP with ID 0x1BA01477
* JLink Info: Found SWD-DP with ID 0x1BA01477
* JLink Info: Found Cortex-M3 r1p1, Little endian.
* JLink Info: FPUnit: 6 code (BP) slots and 2 literal slots
* JLink Info: TPIU fitted.
* JLink Info: ETM fitted.
ROMTableAddr = 0xE00FF003
 
Target info:
------------
Device: STM32F103ZE
VTarget = 3.300V
State of Pins: 
TCK: 0, TDI: 0, TDO: 1, TMS: 0, TRES: 1, TRST: 1
Hardware-Breakpoints: 6
Software-Breakpoints: 8192
Watchpoints:          4
JTAG speed: 2000 kHz
 
Erase Done.
Programming Done.
Verify OK.
Application running ...
Build target 'HeilsCar'
compiling _diff.c...
..\Algorithm\_diff.c(33): warning:  #550-D: variable "deltaMax" was set but never used
..\Algorithm\_diff.c(38): warning:  #177-D: variable "delta_max" was declared but never referenced
..\Algorithm\_diff.c(39): warning:  #177-D: variable "PWM_Max" was declared but never referenced
..\Algorithm\_diff.c(20): warning:  #177-D: variable "wheelWidth" was declared but never referenced
..\Algorithm\_diff.c(21): warning:  #177-D: variable "wheelLength" was declared but never referenced
..\Algorithm\_diff.c(22): warning:  #177-D: variable "wheelRadius" was declared but never referenced
linking...
Program Size: Code=71124 RO-data=4384 RW-data=2420 ZI-data=5044  
FromELF: creating hex file...
"..\User\Objects\HeilsCar.axf" - 0 Error(s), 6 Warning(s).
Load "..\\User\\Objects\\HeilsCar.axf" 
Set JLink Project File to "C:\Users\snow\Desktop\unity3d_test\HeilsCare-chassis\Start\JLinkSettings.ini"
* JLink Info: Device "STM32F103ZE" selected (512 KB flash, 64 KB RAM).
 
JLink info:
------------
DLL: V4.84a, compiled Apr  4 2014 18:02:19
Firmware: J-Link ARM-OB STM32 compiled Aug 22 2012 19:52:04
Hardware: V7.00
S/N : 20161027 
Feature(s) : RDI,FlashDL,FlashBP,JFlash,GDBFull 
 
* JLink Info: Found SWD-DP with ID 0x1BA01477
* JLink Info: Found SWD-DP with ID 0x1BA01477
* JLink Info: Found Cortex-M3 r1p1, Little endian.
* JLink Info: FPUnit: 6 code (BP) slots and 2 literal slots
* JLink Info: TPIU fitted.
* JLink Info: ETM fitted.
ROMTableAddr = 0xE00FF003
 
Target info:
------------
Device: STM32F103ZE
VTarget = 3.300V
State of Pins: 
TCK: 0, TDI: 0, TDO: 1, TMS: 0, TRES: 1, TRST: 1
Hardware-Breakpoints: 6
Software-Breakpoints: 8192
Watchpoints:          4
JTAG speed: 2000 kHz
 
Erase Done.
Programming Done.
Verify OK.
Application running ...
Build target 'HeilsCar'
compiling _task.c...
..\Algorithm\_lcdio.h(28): warning:  #1-D: last line of file ends without a newline
..\Algorithm\_keep.h(8): warning:  #1-D: last line of file ends without a newline
..\Algorithm\_serial.h(23): warning:  #1295-D: Deprecated declaration SerialCreate - give arg types
..\Algorithm\_serial.h(25): warning:  #1-D: last line of file ends without a newline
..\Task\_task.c(177): warning:  #1-D: last line of file ends without a newline
linking...
Program Size: Code=71172 RO-data=4384 RW-data=2420 ZI-data=5044  
FromELF: creating hex file...
"..\User\Objects\HeilsCar.axf" - 0 Error(s), 5 Warning(s).
Load "..\\User\\Objects\\HeilsCar.axf" 
Set JLink Project File to "C:\Users\snow\Desktop\unity3d_test\HeilsCare-chassis\Start\JLinkSettings.ini"
* JLink Info: Device "STM32F103ZE" selected (512 KB flash, 64 KB RAM).
 
JLink info:
------------
DLL: V4.84a, compiled Apr  4 2014 18:02:19
Firmware: J-Link ARM-OB STM32 compiled Aug 22 2012 19:52:04
Hardware: V7.00
S/N : 20161027 
Feature(s) : RDI,FlashDL,FlashBP,JFlash,GDBFull 
 
* JLink Info: Found SWD-DP with ID 0x1BA01477
* JLink Info: Found SWD-DP with ID 0x1BA01477
* JLink Info: Found Cortex-M3 r1p1, Little endian.
* JLink Info: FPUnit: 6 code (BP) slots and 2 literal slots
* JLink Info: TPIU fitted.
* JLink Info: ETM fitted.
ROMTableAddr = 0xE00FF003
 
Target info:
------------
Device: STM32F103ZE
VTarget = 3.300V
State of Pins: 
TCK: 0, TDI: 0, TDO: 1, TMS: 0, TRES: 1, TRST: 1
Hardware-Breakpoints: 6
Software-Breakpoints: 8192
Watchpoints:          4
JTAG speed: 2000 kHz
 
Erase Done.
Programming Done.
Verify OK.
Application running ...
Build target 'HeilsCar'
compiling _task.c...
..\Algorithm\_lcdio.h(28): warning:  #1-D: last line of file ends without a newline
..\Algorithm\_keep.h(8): warning:  #1-D: last line of file ends without a newline
..\Algorithm\_serial.h(23): warning:  #1295-D: Deprecated declaration SerialCreate - give arg types
..\Algorithm\_serial.h(25): warning:  #1-D: last line of file ends without a newline
..\Task\_task.c(177): warning:  #1-D: last line of file ends without a newline
linking...
Program Size: Code=71172 RO-data=4384 RW-data=2420 ZI-data=5044  
FromELF: creating hex file...
"..\User\Objects\HeilsCar.axf" - 0 Error(s), 5 Warning(s).
Load "..\\User\\Objects\\HeilsCar.axf" 
Set JLink Project File to "C:\Users\snow\Desktop\unity3d_test\HeilsCare-chassis\Start\JLinkSettings.ini"
* JLink Info: Device "STM32F103ZE" selected (512 KB flash, 64 KB RAM).
 
JLink info:
------------
DLL: V4.84a, compiled Apr  4 2014 18:02:19
Firmware: J-Link ARM-OB STM32 compiled Aug 22 2012 19:52:04
Hardware: V7.00
S/N : 20161027 
Feature(s) : RDI,FlashDL,FlashBP,JFlash,GDBFull 
 
* JLink Info: Found SWD-DP with ID 0x1BA01477
* JLink Info: Found SWD-DP with ID 0x1BA01477
* JLink Info: Found Cortex-M3 r1p1, Little endian.
* JLink Info: FPUnit: 6 code (BP) slots and 2 literal slots
* JLink Info: TPIU fitted.
* JLink Info: ETM fitted.
ROMTableAddr = 0xE00FF003
 
Target info:
------------
Device: STM32F103ZE
VTarget = 3.300V
State of Pins: 
TCK: 0, TDI: 0, TDO: 1, TMS: 0, TRES: 1, TRST: 1
Hardware-Breakpoints: 6
Software-Breakpoints: 8192
Watchpoints:          4
JTAG speed: 2000 kHz
 
Erase Done.
Programming Done.
Verify OK.
Application running ...
Build target 'HeilsCar'
compiling _task.c...
..\Algorithm\_lcdio.h(28): warning:  #1-D: last line of file ends without a newline
..\Algorithm\_keep.h(8): warning:  #1-D: last line of file ends without a newline
..\Algorithm\_serial.h(23): warning:  #1295-D: Deprecated declaration SerialCreate - give arg types
..\Algorithm\_serial.h(25): warning:  #1-D: last line of file ends without a newline
..\Task\_task.c(177): warning:  #1-D: last line of file ends without a newline
linking...
Program Size: Code=71172 RO-data=4384 RW-data=2420 ZI-data=5044  
FromELF: creating hex file...
"..\User\Objects\HeilsCar.axf" - 0 Error(s), 5 Warning(s).
Build target 'HeilsCar'
compiling _task.c...
..\Algorithm\_lcdio.h(28): warning:  #1-D: last line of file ends without a newline
..\Algorithm\_keep.h(8): warning:  #1-D: last line of file ends without a newline
..\Algorithm\_serial.h(23): warning:  #1295-D: Deprecated declaration SerialCreate - give arg types
..\Algorithm\_serial.h(25): warning:  #1-D: last line of file ends without a newline
..\Task\_task.c(177): warning:  #1-D: last line of file ends without a newline
linking...
Program Size: Code=71172 RO-data=4384 RW-data=2420 ZI-data=5044  
FromELF: creating hex file...
"..\User\Objects\HeilsCar.axf" - 0 Error(s), 5 Warning(s).
Load "..\\User\\Objects\\HeilsCar.axf" 
Set JLink Project File to "C:\Users\snow\Desktop\unity3d_test\HeilsCare-chassis\Start\JLinkSettings.ini"
* JLink Info: Device "STM32F103ZE" selected (512 KB flash, 64 KB RAM).
 
JLink info:
------------
DLL: V4.84a, compiled Apr  4 2014 18:02:19
Firmware: J-Link ARM-OB STM32 compiled Aug 22 2012 19:52:04
Hardware: V7.00
S/N : 20161027 
Feature(s) : RDI,FlashDL,FlashBP,JFlash,GDBFull 
 
* JLink Info: Found SWD-DP with ID 0x1BA01477
* JLink Info: Found SWD-DP with ID 0x1BA01477
* JLink Info: Found Cortex-M3 r1p1, Little endian.
* JLink Info: FPUnit: 6 code (BP) slots and 2 literal slots
* JLink Info: TPIU fitted.
* JLink Info: ETM fitted.
ROMTableAddr = 0xE00FF003
 
Target info:
------------
Device: STM32F103ZE
VTarget = 3.300V
State of Pins: 
TCK: 0, TDI: 0, TDO: 1, TMS: 0, TRES: 1, TRST: 1
Hardware-Breakpoints: 6
Software-Breakpoints: 8192
Watchpoints:          4
JTAG speed: 2000 kHz
 
Erase Done.
Programming Done.
Verify OK.
Application running ...
Build target 'HeilsCar'
compiling _task.c...
..\Algorithm\_lcdio.h(28): warning:  #1-D: last line of file ends without a newline
..\Algorithm\_keep.h(8): warning:  #1-D: last line of file ends without a newline
..\Algorithm\_serial.h(23): warning:  #1295-D: Deprecated declaration SerialCreate - give arg types
..\Algorithm\_serial.h(25): warning:  #1-D: last line of file ends without a newline
..\Task\_task.c(177): warning:  #1-D: last line of file ends without a newline
linking...
Program Size: Code=71172 RO-data=4384 RW-data=2420 ZI-data=5044  
FromELF: creating hex file...
"..\User\Objects\HeilsCar.axf" - 0 Error(s), 5 Warning(s).
Load "..\\User\\Objects\\HeilsCar.axf" 
Set JLink Project File to "C:\Users\snow\Desktop\unity3d_test\HeilsCare-chassis\Start\JLinkSettings.ini"
* JLink Info: Device "STM32F103ZE" selected (512 KB flash, 64 KB RAM).
 
JLink info:
------------
DLL: V4.84a, compiled Apr  4 2014 18:02:19
Firmware: J-Link ARM-OB STM32 compiled Aug 22 2012 19:52:04
Hardware: V7.00
S/N : 20161027 
Feature(s) : RDI,FlashDL,FlashBP,JFlash,GDBFull 
 
* JLink Info: Found SWD-DP with ID 0x1BA01477
* JLink Info: Found SWD-DP with ID 0x1BA01477
* JLink Info: Found Cortex-M3 r1p1, Little endian.
* JLink Info: FPUnit: 6 code (BP) slots and 2 literal slots
* JLink Info: TPIU fitted.
* JLink Info: ETM fitted.
ROMTableAddr = 0xE00FF003
 
Target info:
------------
Device: STM32F103ZE
VTarget = 3.300V
State of Pins: 
TCK: 0, TDI: 0, TDO: 1, TMS: 0, TRES: 1, TRST: 1
Hardware-Breakpoints: 6
Software-Breakpoints: 8192
Watchpoints:          4
JTAG speed: 2000 kHz
 
Erase Done.
Programming Done.
Verify OK.
Application running ...
Build target 'HeilsCar'
compiling _diff.c...
..\Algorithm\_diff.c(33): warning:  #550-D: variable "deltaMax" was set but never used
..\Algorithm\_diff.c(38): warning:  #177-D: variable "delta_max" was declared but never referenced
..\Algorithm\_diff.c(39): warning:  #177-D: variable "PWM_Max" was declared but never referenced
..\Algorithm\_diff.c(20): warning:  #177-D: variable "wheelWidth" was declared but never referenced
..\Algorithm\_diff.c(21): warning:  #177-D: variable "wheelLength" was declared but never referenced
..\Algorithm\_diff.c(22): warning:  #177-D: variable "wheelRadius" was declared but never referenced
linking...
Program Size: Code=71196 RO-data=4384 RW-data=2420 ZI-data=5044  
FromELF: creating hex file...
"..\User\Objects\HeilsCar.axf" - 0 Error(s), 6 Warning(s).
Build target 'HeilsCar'
compiling _task.c...
..\Algorithm\_lcdio.h(28): warning:  #1-D: last line of file ends without a newline
..\Algorithm\_keep.h(8): warning:  #1-D: last line of file ends without a newline
..\Algorithm\_serial.h(23): warning:  #1295-D: Deprecated declaration SerialCreate - give arg types
..\Algorithm\_serial.h(25): warning:  #1-D: last line of file ends without a newline
..\Task\_task.c(177): warning:  #1-D: last line of file ends without a newline
linking...
Program Size: Code=71196 RO-data=4384 RW-data=2420 ZI-data=5044  
FromELF: creating hex file...
"..\User\Objects\HeilsCar.axf" - 0 Error(s), 5 Warning(s).
Load "..\\User\\Objects\\HeilsCar.axf" 
Set JLink Project File to "C:\Users\snow\Desktop\unity3d_test\HeilsCare-chassis\Start\JLinkSettings.ini"
* JLink Info: Device "STM32F103ZE" selected (512 KB flash, 64 KB RAM).
 
JLink info:
------------
DLL: V4.84a, compiled Apr  4 2014 18:02:19
Firmware: J-Link ARM-OB STM32 compiled Aug 22 2012 19:52:04
Hardware: V7.00
S/N : 20161027 
Feature(s) : RDI,FlashDL,FlashBP,JFlash,GDBFull 
 
* JLink Info: Found SWD-DP with ID 0x1BA01477
* JLink Info: Found SWD-DP with ID 0x1BA01477
* JLink Info: Found Cortex-M3 r1p1, Little endian.
* JLink Info: FPUnit: 6 code (BP) slots and 2 literal slots
* JLink Info: TPIU fitted.
* JLink Info: ETM fitted.
ROMTableAddr = 0xE00FF003
 
Target info:
------------
Device: STM32F103ZE
VTarget = 3.300V
State of Pins: 
TCK: 0, TDI: 0, TDO: 1, TMS: 0, TRES: 1, TRST: 1
Hardware-Breakpoints: 6
Software-Breakpoints: 8192
Watchpoints:          4
JTAG speed: 2000 kHz
 
Erase Done.
Programming Done.
Verify OK.
Application running ...
Build target 'HeilsCar'
compiling _task.c...
..\Algorithm\_lcdio.h(28): warning:  #1-D: last line of file ends without a newline
..\Algorithm\_keep.h(8): warning:  #1-D: last line of file ends without a newline
..\Algorithm\_serial.h(23): warning:  #1295-D: Deprecated declaration SerialCreate - give arg types
..\Algorithm\_serial.h(25): warning:  #1-D: last line of file ends without a newline
..\Task\_task.c(177): warning:  #1-D: last line of file ends without a newline
linking...
Program Size: Code=71196 RO-data=4384 RW-data=2420 ZI-data=5044  
FromELF: creating hex file...
"..\User\Objects\HeilsCar.axf" - 0 Error(s), 5 Warning(s).
Load "..\\User\\Objects\\HeilsCar.axf" 
Set JLink Project File to "C:\Users\snow\Desktop\unity3d_test\HeilsCare-chassis\Start\JLinkSettings.ini"
* JLink Info: Device "STM32F103ZE" selected (512 KB flash, 64 KB RAM).
 
JLink info:
------------
DLL: V4.84a, compiled Apr  4 2014 18:02:19
Firmware: J-Link ARM-OB STM32 compiled Aug 22 2012 19:52:04
Hardware: V7.00
S/N : 20161027 
Feature(s) : RDI,FlashDL,FlashBP,JFlash,GDBFull 
 
* JLink Info: Found SWD-DP with ID 0x1BA01477
* JLink Info: Found SWD-DP with ID 0x1BA01477
* JLink Info: Found Cortex-M3 r1p1, Little endian.
* JLink Info: FPUnit: 6 code (BP) slots and 2 literal slots
* JLink Info: TPIU fitted.
* JLink Info: ETM fitted.
ROMTableAddr = 0xE00FF003
 
Target info:
------------
Device: STM32F103ZE
VTarget = 3.300V
State of Pins: 
TCK: 0, TDI: 0, TDO: 1, TMS: 0, TRES: 1, TRST: 1
Hardware-Breakpoints: 6
Software-Breakpoints: 8192
Watchpoints:          4
JTAG speed: 2000 kHz
 
***JLink Error: Can not read register 0 (R0) while CPU is running
***JLink Error: Can not read register 1 (R1) while CPU is running
***JLink Error: Can not read register 2 (R2) while CPU is running
***JLink Error: Can not read register 3 (R3) while CPU is running
Erase Done.
Programming Done.
Verify OK.
Application running ...
Build target 'HeilsCar'
compiling _task.c...
..\Algorithm\_lcdio.h(28): warning:  #1-D: last line of file ends without a newline
..\Algorithm\_keep.h(8): warning:  #1-D: last line of file ends without a newline
..\Algorithm\_serial.h(23): warning:  #1295-D: Deprecated declaration SerialCreate - give arg types
..\Algorithm\_serial.h(25): warning:  #1-D: last line of file ends without a newline
..\Task\_task.c(177): warning:  #1-D: last line of file ends without a newline
linking...
Program Size: Code=71196 RO-data=4384 RW-data=2420 ZI-data=5044  
FromELF: creating hex file...
"..\User\Objects\HeilsCar.axf" - 0 Error(s), 5 Warning(s).
Load "..\\User\\Objects\\HeilsCar.axf" 
Set JLink Project File to "C:\Users\snow\Desktop\unity3d_test\HeilsCare-chassis\Start\JLinkSettings.ini"
* JLink Info: Device "STM32F103ZE" selected (512 KB flash, 64 KB RAM).
 
JLink info:
------------
DLL: V4.84a, compiled Apr  4 2014 18:02:19
Firmware: J-Link ARM-OB STM32 compiled Aug 22 2012 19:52:04
Hardware: V7.00
S/N : 20161027 
Feature(s) : RDI,FlashDL,FlashBP,JFlash,GDBFull 
 
* JLink Info: Found SWD-DP with ID 0x1BA01477
* JLink Info: Found SWD-DP with ID 0x1BA01477
* JLink Info: Found Cortex-M3 r1p1, Little endian.
* JLink Info: FPUnit: 6 code (BP) slots and 2 literal slots
* JLink Info: TPIU fitted.
* JLink Info: ETM fitted.
ROMTableAddr = 0xE00FF003
 
Target info:
------------
Device: STM32F103ZE
VTarget = 3.300V
State of Pins: 
TCK: 0, TDI: 0, TDO: 1, TMS: 0, TRES: 1, TRST: 1
Hardware-Breakpoints: 6
Software-Breakpoints: 8192
Watchpoints:          4
JTAG speed: 2000 kHz
 
Erase Done.
Programming Done.
Verify OK.
Application running ...
Build target 'HeilsCar'
compiling _task.c...
..\Algorithm\_lcdio.h(28): warning:  #1-D: last line of file ends without a newline
..\Algorithm\_keep.h(8): warning:  #1-D: last line of file ends without a newline
..\Algorithm\_serial.h(23): warning:  #1295-D: Deprecated declaration SerialCreate - give arg types
..\Algorithm\_serial.h(25): warning:  #1-D: last line of file ends without a newline
..\Task\_task.c(177): warning:  #1-D: last line of file ends without a newline
linking...
Program Size: Code=71196 RO-data=4384 RW-data=2420 ZI-data=5044  
FromELF: creating hex file...
"..\User\Objects\HeilsCar.axf" - 0 Error(s), 5 Warning(s).
Load "..\\User\\Objects\\HeilsCar.axf" 
Set JLink Project File to "C:\Users\snow\Desktop\unity3d_test\HeilsCare-chassis\Start\JLinkSettings.ini"
* JLink Info: Device "STM32F103ZE" selected (512 KB flash, 64 KB RAM).
 
JLink info:
------------
DLL: V4.84a, compiled Apr  4 2014 18:02:19
Firmware: J-Link ARM-OB STM32 compiled Aug 22 2012 19:52:04
Hardware: V7.00
S/N : 20161027 
Feature(s) : RDI,FlashDL,FlashBP,JFlash,GDBFull 
 
* JLink Info: Found SWD-DP with ID 0x1BA01477
* JLink Info: Found SWD-DP with ID 0x1BA01477
* JLink Info: Found Cortex-M3 r1p1, Little endian.
* JLink Info: FPUnit: 6 code (BP) slots and 2 literal slots
* JLink Info: TPIU fitted.
* JLink Info: ETM fitted.
ROMTableAddr = 0xE00FF003
 
Target info:
------------
Device: STM32F103ZE
VTarget = 3.300V
State of Pins: 
TCK: 0, TDI: 0, TDO: 1, TMS: 0, TRES: 1, TRST: 1
Hardware-Breakpoints: 6
Software-Breakpoints: 8192
Watchpoints:          4
JTAG speed: 2000 kHz
 
Erase Done.
Programming Done.
Verify OK.
Application running ...
Build target 'HeilsCar'
compiling _task.c...
..\Algorithm\_lcdio.h(28): warning:  #1-D: last line of file ends without a newline
..\Algorithm\_keep.h(8): warning:  #1-D: last line of file ends without a newline
..\Algorithm\_serial.h(23): warning:  #1295-D: Deprecated declaration SerialCreate - give arg types
..\Algorithm\_serial.h(25): warning:  #1-D: last line of file ends without a newline
..\Task\_task.c(177): warning:  #1-D: last line of file ends without a newline
linking...
Program Size: Code=71196 RO-data=4384 RW-data=2420 ZI-data=5044  
FromELF: creating hex file...
"..\User\Objects\HeilsCar.axf" - 0 Error(s), 5 Warning(s).
Build target 'HeilsCar'
compiling _task.c...
..\Algorithm\_lcdio.h(28): warning:  #1-D: last line of file ends without a newline
..\Algorithm\_keep.h(8): warning:  #1-D: last line of file ends without a newline
..\Algorithm\_serial.h(23): warning:  #1295-D: Deprecated declaration SerialCreate - give arg types
..\Algorithm\_serial.h(25): warning:  #1-D: last line of file ends without a newline
..\Task\_task.c(177): warning:  #1-D: last line of file ends without a newline
linking...
Program Size: Code=71200 RO-data=4388 RW-data=2420 ZI-data=5044  
FromELF: creating hex file...
"..\User\Objects\HeilsCar.axf" - 0 Error(s), 5 Warning(s).
Load "..\\User\\Objects\\HeilsCar.axf" 
Set JLink Project File to "C:\Users\snow\Desktop\unity3d_test\HeilsCare-chassis\Start\JLinkSettings.ini"
* JLink Info: Device "STM32F103ZE" selected (512 KB flash, 64 KB RAM).
 
JLink info:
------------
DLL: V4.84a, compiled Apr  4 2014 18:02:19
Firmware: J-Link ARM-OB STM32 compiled Aug 22 2012 19:52:04
Hardware: V7.00
S/N : 20161027 
Feature(s) : RDI,FlashDL,FlashBP,JFlash,GDBFull 
 
* JLink Info: Found SWD-DP with ID 0x1BA01477
* JLink Info: Found SWD-DP with ID 0x1BA01477
* JLink Info: Found Cortex-M3 r1p1, Little endian.
* JLink Info: FPUnit: 6 code (BP) slots and 2 literal slots
* JLink Info: TPIU fitted.
* JLink Info: ETM fitted.
ROMTableAddr = 0xE00FF003
 
Target info:
------------
Device: STM32F103ZE
VTarget = 3.300V
State of Pins: 
TCK: 0, TDI: 0, TDO: 1, TMS: 0, TRES: 1, TRST: 1
Hardware-Breakpoints: 6
Software-Breakpoints: 8192
Watchpoints:          4
JTAG speed: 2000 kHz
 
Erase Done.
Programming Done.
Verify OK.
Application running ...
Build target 'HeilsCar'
compiling _diff.c...
..\Algorithm\_diff.c(33): warning:  #550-D: variable "deltaMax" was set but never used
..\Algorithm\_diff.c(38): warning:  #177-D: variable "delta_max" was declared but never referenced
..\Algorithm\_diff.c(39): warning:  #177-D: variable "PWM_Max" was declared but never referenced
..\Algorithm\_diff.c(20): warning:  #177-D: variable "wheelWidth" was declared but never referenced
..\Algorithm\_diff.c(21): warning:  #177-D: variable "wheelLength" was declared but never referenced
..\Algorithm\_diff.c(22): warning:  #177-D: variable "wheelRadius" was declared but never referenced
linking...
Program Size: Code=71200 RO-data=4388 RW-data=2420 ZI-data=5044  
FromELF: creating hex file...
"..\User\Objects\HeilsCar.axf" - 0 Error(s), 6 Warning(s).
Load "..\\User\\Objects\\HeilsCar.axf" 
Set JLink Project File to "C:\Users\snow\Desktop\unity3d_test\HeilsCare-chassis\Start\JLinkSettings.ini"
* JLink Info: Device "STM32F103ZE" selected (512 KB flash, 64 KB RAM).
 
JLink info:
------------
DLL: V4.84a, compiled Apr  4 2014 18:02:19
Firmware: J-Link ARM-OB STM32 compiled Aug 22 2012 19:52:04
Hardware: V7.00
S/N : 20161027 
Feature(s) : RDI,FlashDL,FlashBP,JFlash,GDBFull 
 
* JLink Info: Found SWD-DP with ID 0x1BA01477
* JLink Info: Found SWD-DP with ID 0x1BA01477
* JLink Info: Found Cortex-M3 r1p1, Little endian.
* JLink Info: FPUnit: 6 code (BP) slots and 2 literal slots
* JLink Info: TPIU fitted.
* JLink Info: ETM fitted.
ROMTableAddr = 0xE00FF003
 
Target info:
------------
Device: STM32F103ZE
VTarget = 3.300V
State of Pins: 
TCK: 0, TDI: 0, TDO: 1, TMS: 0, TRES: 1, TRST: 1
Hardware-Breakpoints: 6
Software-Breakpoints: 8192
Watchpoints:          4
JTAG speed: 2000 kHz
 
Erase Done.
Programming Done.
Verify OK.
Application running ...
